[W 08/19/26 09:11:55.519 1749425] QuadrantsWarning
While compiling `_kernel_add_rods_c968_0`, File "/home/simx2204/DLO-Lab/genesis/engine/solvers/rod_solver.py", line 1500, in _kernel_add_rods:
                edge_idx = qm.mod(i_iv - 1, n_internal_verts) + e_start
                ^^^^^^^^^^^^^^^^^^^^^^^^^^^^^^^^^^^^^^^^^^^^^^^^^^^^^^^
Assign may lose precision: i32 <- f64
/home/simx2204/anaconda3/envs/w2g/lib/python3.12/site-packages/quadrants/_test_tools/warnings_helper.py:11: UserWarning: cannot create weak reference to 'tuple' object. Template mapper caching disabled.
  warnings.warn(message)
/home/simx2204/anaconda3/envs/w2g/lib/python3.12/site-packages/quadrants/_test_tools/warnings_helper.py:11: UserWarning: cannot create weak reference to 'numpy.int32' object. Template mapper caching disabled.
  warnings.warn(message)
{"complete": 120, "total": 2040, "grasp": 0}
[W 08/19/26 09:12:19.738 1749425] QuadrantsWarning
While compiling `_kernel_add_rods_c968_1`, File "/home/simx2204/DLO-Lab/genesis/engine/solvers/rod_solver.py", line 1500, in _kernel_add_rods:
                edge_idx = qm.mod(i_iv - 1, n_internal_verts) + e_start
                ^^^^^^^^^^^^^^^^^^^^^^^^^^^^^^^^^^^^^^^^^^^^^^^^^^^^^^^
Assign may lose precision: i32 <- f64
{"complete": 240, "total": 2040, "grasp": 1}
[W 08/19/26 09:12:41.005 1749425] QuadrantsWarning
While compiling `_kernel_add_rods_c968_2`, File "/home/simx2204/DLO-Lab/genesis/engine/solvers/rod_solver.py", line 1500, in _kernel_add_rods:
                edge_idx = qm.mod(i_iv - 1, n_internal_verts) + e_start
                ^^^^^^^^^^^^^^^^^^^^^^^^^^^^^^^^^^^^^^^^^^^^^^^^^^^^^^^
Assign may lose precision: i32 <- f64
{"complete": 360, "total": 2040, "grasp": 2}
[W 08/19/26 09:13:02.545 1749425] QuadrantsWarning
While compiling `_kernel_add_rods_c968_3`, File "/home/simx2204/DLO-Lab/genesis/engine/solvers/rod_solver.py", line 1500, in _kernel_add_rods:
                edge_idx = qm.mod(i_iv - 1, n_internal_verts) + e_start
                ^^^^^^^^^^^^^^^^^^^^^^^^^^^^^^^^^^^^^^^^^^^^^^^^^^^^^^^
Assign may lose precision: i32 <- f64
{"complete": 480, "total": 2040, "grasp": 3}
[W 08/19/26 09:13:23.879 1749425] QuadrantsWarning
While compiling `_kernel_add_rods_c968_4`, File "/home/simx2204/DLO-Lab/genesis/engine/solvers/rod_solver.py", line 1500, in _kernel_add_rods:
                edge_idx = qm.mod(i_iv - 1, n_internal_verts) + e_start
                ^^^^^^^^^^^^^^^^^^^^^^^^^^^^^^^^^^^^^^^^^^^^^^^^^^^^^^^
Assign may lose precision: i32 <- f64
{"complete": 600, "total": 2040, "grasp": 4}
[W 08/19/26 09:13:46.229 1749425] QuadrantsWarning
While compiling `_kernel_add_rods_c968_5`, File "/home/simx2204/DLO-Lab/genesis/engine/solvers/rod_solver.py", line 1500, in _kernel_add_rods:
                edge_idx = qm.mod(i_iv - 1, n_internal_verts) + e_start
                ^^^^^^^^^^^^^^^^^^^^^^^^^^^^^^^^^^^^^^^^^^^^^^^^^^^^^^^
Assign may lose precision: i32 <- f64
{"complete": 720, "total": 2040, "grasp": 5}
[W 08/19/26 09:14:11.422 1749425] QuadrantsWarning
While compiling `_kernel_add_rods_c968_6`, File "/home/simx2204/DLO-Lab/genesis/engine/solvers/rod_solver.py", line 1500, in _kernel_add_rods:
                edge_idx = qm.mod(i_iv - 1, n_internal_verts) + e_start
                ^^^^^^^^^^^^^^^^^^^^^^^^^^^^^^^^^^^^^^^^^^^^^^^^^^^^^^^
Assign may lose precision: i32 <- f64
{"complete": 840, "total": 2040, "grasp": 6}
[W 08/19/26 09:14:36.981 1749425] QuadrantsWarning
While compiling `_kernel_add_rods_c968_7`, File "/home/simx2204/DLO-Lab/genesis/engine/solvers/rod_solver.py", line 1500, in _kernel_add_rods:
                edge_idx = qm.mod(i_iv - 1, n_internal_verts) + e_start
                ^^^^^^^^^^^^^^^^^^^^^^^^^^^^^^^^^^^^^^^^^^^^^^^^^^^^^^^
Assign may lose precision: i32 <- f64
{"complete": 960, "total": 2040, "grasp": 7}
[W 08/19/26 09:15:08.212 1749425] QuadrantsWarning
While compiling `_kernel_add_rods_c968_8`, File "/home/simx2204/DLO-Lab/genesis/engine/solvers/rod_solver.py", line 1500, in _kernel_add_rods:
                edge_idx = qm.mod(i_iv - 1, n_internal_verts) + e_start
                ^^^^^^^^^^^^^^^^^^^^^^^^^^^^^^^^^^^^^^^^^^^^^^^^^^^^^^^
Assign may lose precision: i32 <- f64
{"complete": 1080, "total": 2040, "grasp": 8}
[W 08/19/26 09:15:45.049 1749425] QuadrantsWarning
While compiling `_kernel_add_rods_c968_9`, File "/home/simx2204/DLO-Lab/genesis/engine/solvers/rod_solver.py", line 1500, in _kernel_add_rods:
                edge_idx = qm.mod(i_iv - 1, n_internal_verts) + e_start
                ^^^^^^^^^^^^^^^^^^^^^^^^^^^^^^^^^^^^^^^^^^^^^^^^^^^^^^^
Assign may lose precision: i32 <- f64
{"complete": 1200, "total": 2040, "grasp": 9}
[W 08/19/26 09:16:28.601 1749425] QuadrantsWarning
While compiling `_kernel_add_rods_c968_10`, File "/home/simx2204/DLO-Lab/genesis/engine/solvers/rod_solver.py", line 1500, in _kernel_add_rods:
                edge_idx = qm.mod(i_iv - 1, n_internal_verts) + e_start
                ^^^^^^^^^^^^^^^^^^^^^^^^^^^^^^^^^^^^^^^^^^^^^^^^^^^^^^^
Assign may lose precision: i32 <- f64
{"complete": 1320, "total": 2040, "grasp": 10}
[W 08/19/26 09:17:15.679 1749425] QuadrantsWarning
While compiling `_kernel_add_rods_c968_11`, File "/home/simx2204/DLO-Lab/genesis/engine/solvers/rod_solver.py", line 1500, in _kernel_add_rods:
                edge_idx = qm.mod(i_iv - 1, n_internal_verts) + e_start
                ^^^^^^^^^^^^^^^^^^^^^^^^^^^^^^^^^^^^^^^^^^^^^^^^^^^^^^^
Assign may lose precision: i32 <- f64
[E 08/19/26 09:17:19.505 1749425] [cuda_driver.h:operator()@94] CUDA Error CUDA_ERROR_ILLEGAL_ADDRESS: an illegal memory access was encountered while calling memcpy_host_to_device_async (cuMemcpyHtoDAsync_v2)


Traceback (most recent call last):
  File "<frozen runpy>", line 198, in _run_module_as_main
  File "<frozen runpy>", line 88, in _run_code
  File "/home/simx2204/where2grasp/sim/run_adaptation_curve.py", line 258, in <module>
    (extract_lift_histories if a.stage == "histories" else sweep)()
  File "/home/simx2204/where2grasp/sim/run_adaptation_curve.py", line 74, in extract_lift_histories
    box.set_pos(np.asarray(pos)); scene.step()
                                  ^^^^^^^^^^^^
  File "/home/simx2204/DLO-Lab/genesis/utils/misc.py", line 142, in wrapper
    return method(self, *args, **kwargs)
           ^^^^^^^^^^^^^^^^^^^^^^^^^^^^^
  File "/home/simx2204/DLO-Lab/genesis/engine/scene.py", line 1071, in step
    self._sim.step()
  File "/home/simx2204/DLO-Lab/genesis/engine/simulator.py", line 298, in step
    self.substep(self.cur_substep_local)
  File "/home/simx2204/DLO-Lab/genesis/engine/simulator.py", line 341, in substep
    self.substep_post_coupling(f)
  File "/home/simx2204/DLO-Lab/genesis/engine/simulator.py", line 360, in substep_post_coupling
    solver.substep_post_coupling(f)
  File "/home/simx2204/DLO-Lab/genesis/engine/solvers/rod_solver.py", line 1020, in substep_post_coupling
    self.inextensibility_forward(f, i)
  File "/home/simx2204/anaconda3/envs/w2g/lib/python3.12/site-packages/quadrants/ad/_ad.py", line 344, in decorated
    func(*args, **kwargs)
  File "/home/simx2204/DLO-Lab/genesis/engine/solvers/rod_solver.py", line 2520, in inextensibility_forward
    self._kernel_apply_inextensibility_constraints(f)
  File "/home/simx2204/anaconda3/envs/w2g/lib/python3.12/site-packages/quadrants/lang/_quadrants_callable.py", line 111, in __call__
    return self.wrapper(self.instance, *args, **kwargs)
           ^^^^^^^^^^^^^^^^^^^^^^^^^^^^^^^^^^^^^^^^^^^^
  File "/home/simx2204/anaconda3/envs/w2g/lib/python3.12/site-packages/quadrants/lang/kernel_impl.py", line 164, in wrapped_classkernel
    return wrapped_func(*args, **kwargs)
           ^^^^^^^^^^^^^^^^^^^^^^^^^^^^^
  File "/home/simx2204/anaconda3/envs/w2g/lib/python3.12/site-packages/quadrants/lang/kernel_impl.py", line 147, in wrapped_func
    return primal(*args, **kwargs)
           ^^^^^^^^^^^^^^^^^^^^^^^
  File "/home/simx2204/anaconda3/envs/w2g/lib/python3.12/site-packages/quadrants/lang/kernel.py", line 739, in __call__
    ret = self.launch_kernel(key, kernel_cpp, compiled_kernel_data, *py_args, qd_stream=qd_stream)
          ^^^^^^^^^^^^^^^^^^^^^^^^^^^^^^^^^^^^^^^^^^^^^^^^^^^^^^^^^^^^^^^^^^^^^^^^^^^^^^^^^^^^^^^^
  File "/home/simx2204/anaconda3/envs/w2g/lib/python3.12/site-packages/quadrants/lang/kernel.py", line 591, in launch_kernel
    raise e from None
  File "/home/simx2204/anaconda3/envs/w2g/lib/python3.12/site-packages/quadrants/lang/kernel.py", line 583, in launch_kernel
    prog.launch_kernel(compiled_kernel_data, launch_ctx)
RuntimeError: [cuda_driver.h:operator()@94] CUDA Error CUDA_ERROR_ILLEGAL_ADDRESS: an illegal memory access was encountered while calling memcpy_host_to_device_async (cuMemcpyHtoDAsync_v2)

[38;5;9m[Genesis] [09:17:19] [ERROR] RuntimeError: [cuda_driver.h:operator()@94] CUDA Error CUDA_ERROR_ILLEGAL_ADDRESS: an illegal memory access was encountered while calling memcpy_host_to_device_async (cuMemcpyHtoDAsync_v2)[0m
[E 08/19/26 09:17:19.515 1749425] [cuda_driver.h:operator()@94] CUDA Error CUDA_ERROR_ILLEGAL_ADDRESS: an illegal memory access was encountered while calling stream_synchronize (cuStreamSynchronize)


Exception ignored in atexit callback: <function destroy at 0x7ff2a0784720>
Traceback (most recent call last):
  File "/home/simx2204/DLO-Lab/genesis/__init__.py", line 390, in destroy
    qd.reset()
  File "/home/simx2204/anaconda3/envs/w2g/lib/python3.12/site-packages/quadrants/lang/misc.py", line 203, in reset
    impl.reset()
  File "/home/simx2204/anaconda3/envs/w2g/lib/python3.12/site-packages/quadrants/lang/impl.py", line 608, in reset
    pyquadrants.clear()
  File "/home/simx2204/anaconda3/envs/w2g/lib/python3.12/site-packages/quadrants/lang/impl.py", line 570, in clear
    self._prog.finalize()
RuntimeError: [cuda_driver.h:operator()@94] CUDA Error CUDA_ERROR_ILLEGAL_ADDRESS: an illegal memory access was encountered while calling stream_synchronize (cuStreamSynchronize)
[E 08/19/26 09:17:19.741 1749425] [cuda_driver.h:operator()@94] CUDA Error CUDA_ERROR_ILLEGAL_ADDRESS: an illegal memory access was encountered while calling mem_free_async_impl (cuMemFreeAsync)


terminate called after throwing an instance of 'std::__cxx11::basic_string<char, std::char_traits<char>, std::allocator<char> >'
