=== SWEEP 1 11:39:31 ===
{"grasp": 1, "rows": 255, "wall_clock_s": 57.3, "nonconverged": 0.0, "output": "/home/simx2204/where2grasp/sim/manifests/adaptation_curve_distal_sweep_g1.npz"}
=== HIST 1 11:40:30 ===
{"grasp": 1, "rollouts": 120, "wall_clock_s": 86.7, "output": "/home/simx2204/where2grasp/sim/manifests/adaptation_curve_distal_hist_g1.npz"}
=== SWEEP 2 11:42:00 ===
{"grasp": 2, "rows": 255, "wall_clock_s": 65.2, "nonconverged": 0.0, "output": "/home/simx2204/where2grasp/sim/manifests/adaptation_curve_distal_sweep_g2.npz"}
=== HIST 2 11:43:07 ===
{"grasp": 2, "rollouts": 120, "wall_clock_s": 87.5, "output": "/home/simx2204/where2grasp/sim/manifests/adaptation_curve_distal_hist_g2.npz"}
=== SWEEP 3 11:44:37 ===
{"grasp": 3, "rows": 255, "wall_clock_s": 62.9, "nonconverged": 0.0, "output": "/home/simx2204/where2grasp/sim/manifests/adaptation_curve_distal_sweep_g3.npz"}
=== HIST 3 11:45:43 ===
{"grasp": 3, "rollouts": 120, "wall_clock_s": 86.9, "output": "/home/simx2204/where2grasp/sim/manifests/adaptation_curve_distal_hist_g3.npz"}
=== SWEEP 4 11:47:12 ===
{"grasp": 4, "rows": 255, "wall_clock_s": 65.4, "nonconverged": 0.0, "output": "/home/simx2204/where2grasp/sim/manifests/adaptation_curve_distal_sweep_g4.npz"}
=== HIST 4 11:48:20 ===
{"grasp": 4, "rollouts": 120, "wall_clock_s": 86.9, "output": "/home/simx2204/where2grasp/sim/manifests/adaptation_curve_distal_hist_g4.npz"}
=== SWEEP 5 11:49:49 ===
{"grasp": 5, "rows": 255, "wall_clock_s": 65.3, "nonconverged": 0.0, "output": "/home/simx2204/where2grasp/sim/manifests/adaptation_curve_distal_sweep_g5.npz"}
=== HIST 5 11:50:57 ===
{"grasp": 5, "rollouts": 120, "wall_clock_s": 86.9, "output": "/home/simx2204/where2grasp/sim/manifests/adaptation_curve_distal_hist_g5.npz"}
=== SWEEP 6 11:52:27 ===
{"grasp": 6, "rows": 255, "wall_clock_s": 61.6, "nonconverged": 0.0, "output": "/home/simx2204/where2grasp/sim/manifests/adaptation_curve_distal_sweep_g6.npz"}
=== HIST 6 11:53:31 ===
{"grasp": 6, "rollouts": 120, "wall_clock_s": 98.7, "output": "/home/simx2204/where2grasp/sim/manifests/adaptation_curve_distal_hist_g6.npz"}
=== SWEEP 7 11:55:12 ===
{"grasp": 7, "rows": 255, "wall_clock_s": 66.9, "nonconverged": 0.0, "output": "/home/simx2204/where2grasp/sim/manifests/adaptation_curve_distal_sweep_g7.npz"}
=== HIST 7 11:56:21 ===
{"grasp": 7, "rollouts": 120, "wall_clock_s": 117.4, "output": "/home/simx2204/where2grasp/sim/manifests/adaptation_curve_distal_hist_g7.npz"}
=== SWEEP 8 11:58:21 ===
{"grasp": 8, "rows": 255, "wall_clock_s": 66.9, "nonconverged": 0.0, "output": "/home/simx2204/where2grasp/sim/manifests/adaptation_curve_distal_sweep_g8.npz"}
=== HIST 8 11:59:31 ===
{"grasp": 8, "rollouts": 120, "wall_clock_s": 137.3, "output": "/home/simx2204/where2grasp/sim/manifests/adaptation_curve_distal_hist_g8.npz"}
=== SWEEP 9 12:01:51 ===
{"grasp": 9, "rows": 255, "wall_clock_s": 71.4, "nonconverged": 0.0, "output": "/home/simx2204/where2grasp/sim/manifests/adaptation_curve_distal_sweep_g9.npz"}
=== HIST 9 12:03:04 ===
{"grasp": 9, "rollouts": 120, "wall_clock_s": 169.2, "output": "/home/simx2204/where2grasp/sim/manifests/adaptation_curve_distal_hist_g9.npz"}
=== SWEEP 10 12:05:56 ===
{"grasp": 10, "rows": 255, "wall_clock_s": 84.3, "nonconverged": 0.0, "output": "/home/simx2204/where2grasp/sim/manifests/adaptation_curve_distal_sweep_g10.npz"}
=== HIST 10 12:07:23 ===
Traceback (most recent call last):
    raise RuntimeError(f"distal history batch not converged grasp={gi} off={off}: {speed}")
RuntimeError: distal history batch not converged grasp=10 off=0: 0.00236553995960584
[38;5;9m[Genesis] [12:09:19] [ERROR] RuntimeError: distal history batch not converged grasp=10 off=0: 0.00236553995960584[0m
=== SWEEP 11 12:09:19 ===
{"grasp": 11, "rows": 255, "wall_clock_s": 99.5, "nonconverged": 0.0, "output": "/home/simx2204/where2grasp/sim/manifests/adaptation_curve_distal_sweep_g11.npz"}
=== HIST 11 12:11:01 ===
Traceback (most recent call last):
    raise RuntimeError(f"distal history batch not converged grasp={gi} off={off}: {speed}")
RuntimeError: distal history batch not converged grasp=11 off=0: 0.0026650427039184984
[38;5;9m[Genesis] [12:12:57] [ERROR] RuntimeError: distal history batch not converged grasp=11 off=0: 0.0026650427039184984[0m
=== SWEEP 12 12:12:58 ===
