
=== interval 0.01  nv=26  f_eps=0.00106 (contam 0.90%) ===
[W 08/18/26 12:12:15.100 743866] QuadrantsWarning
While compiling `_kernel_add_rods_c968_0`, File "/home/simx2204/DLO-Lab/genesis/engine/solvers/rod_solver.py", line 1500, in _kernel_add_rods:
                edge_idx = qm.mod(i_iv - 1, n_internal_verts) + e_start
                ^^^^^^^^^^^^^^^^^^^^^^^^^^^^^^^^^^^^^^^^^^^^^^^^^^^^^^^
Assign may lose precision: i32 <- f64
/home/simx2204/anaconda3/envs/w2g/lib/python3.12/site-packages/quadrants/_test_tools/warnings_helper.py:11: UserWarning: cannot create weak reference to 'tuple' object. Template mapper caching disabled.
  warnings.warn(message)
  step   2000: delta/ell=[+0.1964, -0.4441, -0.2713, -0.2109, +0.2250]  max_tip_speed=2.13e-01  finite=True
  step   4000: delta/ell=[+0.0342, -0.0300, +0.1176, +0.2039, -0.0292]  max_tip_speed=1.99e-01  finite=True
  step   6000: delta/ell=[-0.0110, +0.3441, +0.1177, -0.0898, -0.1970]  max_tip_speed=1.80e-01  finite=True
  step   8000: delta/ell=[+0.1344, -0.0066, -0.0818, +0.3080, +0.0989]  max_tip_speed=1.91e-01  finite=True
  step  10000: delta/ell=[+0.2064, -0.3096, -0.0419, -0.1207, +0.0604]  max_tip_speed=2.06e-01  finite=True
  step  12000: delta/ell=[-0.1028, +0.3427, -0.3356, +0.2033, -0.2785]  max_tip_speed=3.13e-01  finite=True
  step  14000: delta/ell=[-0.2663, -0.1647, +0.0212, +0.0169, -0.2162]  max_tip_speed=2.44e-01  finite=True
  step  16000: delta/ell=[+0.0311, +0.0147, -0.2700, -0.0277, -0.2858]  max_tip_speed=1.43e-01  finite=True
  step  18000: delta/ell=[-0.3372, +0.0339, -0.1598, +0.2076, -0.0668]  max_tip_speed=1.77e-01  finite=True
  step  20000: delta/ell=[-0.4687, -0.2614, -0.0980, +0.2272, +0.3776]  max_tip_speed=2.13e-01  finite=True
  step  22000: delta/ell=[-0.0132, +0.0860, +0.0138, -0.0538, -0.2386]  max_tip_speed=2.96e-01  finite=True
  step  24000: delta/ell=[-0.0388, +0.0360, +0.0411, +0.0351, +0.2369]  max_tip_speed=2.28e-01  finite=True
  step  26000: delta/ell=[+0.1080, +0.0040, +0.1786, -0.2070, +0.1619]  max_tip_speed=1.16e-01  finite=True
  step  28000: delta/ell=[-0.0409, -0.0906, +0.0582, -0.2741, +0.1709]  max_tip_speed=7.15e-02  finite=True
  step  30000: delta/ell=[+0.0267, +0.0624, +0.3151, -0.7092, -0.2947]  max_tip_speed=2.24e-01  finite=True
