
=== softest: raw_E=1e+06 m_tip=0.001069  interval=0.01 nv=26  contam_cap f_eps=0.00118 (arm_mass_cap=1.26e-06) ===
[W 08/18/26 12:15:30.283 746930] QuadrantsWarning
While compiling `_kernel_add_rods_c968_0`, File "/home/simx2204/DLO-Lab/genesis/engine/solvers/rod_solver.py", line 1500, in _kernel_add_rods:
                edge_idx = qm.mod(i_iv - 1, n_internal_verts) + e_start
                ^^^^^^^^^^^^^^^^^^^^^^^^^^^^^^^^^^^^^^^^^^^^^^^^^^^^^^^
Assign may lose precision: i32 <- f64
/home/simx2204/anaconda3/envs/w2g/lib/python3.12/site-packages/quadrants/_test_tools/warnings_helper.py:11: UserWarning: cannot create weak reference to 'tuple' object. Template mapper caching disabled.
  warnings.warn(message)
  f_eps=0.000588 (0.5x cap, contam=0.50%, ADMISSIBLE): NOT settled (finite=True)
  f_eps=0.00118 (1.0x cap, contam=1.00%, ADMISSIBLE): SETTLED@18000 delta/ell=+0.0692
  f_eps=0.00235 (2.0x cap, contam=2.00%, inadmissible(contam>1%)): SETTLED@4000 delta/ell=+0.0174
  f_eps=0.0047 (4.0x cap, contam=4.00%, inadmissible(contam>1%)): SETTLED@4000 delta/ell=+0.0284
  f_eps=0.00941 (8.0x cap, contam=8.00%, inadmissible(contam>1%)): SETTLED@4000 delta/ell=+0.0295
  f_eps=0.0188 (16.0x cap, contam=16.00%, inadmissible(contam>1%)): SETTLED@4000 delta/ell=+0.0317
  f_eps=0.0376 (32.0x cap, contam=32.00%, inadmissible(contam>1%)): SETTLED@4000 delta/ell=+0.0362
  -> stability threshold f_eps* ~ 0.00118 = 1.0x the contamination cap -> ADMISSIBLE window NON-EMPTY

=== stiffest: raw_E=3.16e+07 m_tip=0.03429  interval=0.01 nv=26  contam_cap f_eps=0.00118 (arm_mass_cap=4.03e-05) ===
[W 08/18/26 12:17:58.757 746930] QuadrantsWarning
While compiling `_kernel_add_rods_c968_1`, File "/home/simx2204/DLO-Lab/genesis/engine/solvers/rod_solver.py", line 1500, in _kernel_add_rods:
                edge_idx = qm.mod(i_iv - 1, n_internal_verts) + e_start
                ^^^^^^^^^^^^^^^^^^^^^^^^^^^^^^^^^^^^^^^^^^^^^^^^^^^^^^^
Assign may lose precision: i32 <- f64
  f_eps=0.000588 (0.5x cap, contam=0.50%, ADMISSIBLE): NOT settled (finite=True)
  f_eps=0.00118 (1.0x cap, contam=1.00%, ADMISSIBLE): SETTLED@4000 delta/ell=+0.0096
  f_eps=0.00235 (2.0x cap, contam=2.00%, inadmissible(contam>1%)): SETTLED@4000 delta/ell=+0.0176
  f_eps=0.0047 (4.0x cap, contam=4.00%, inadmissible(contam>1%)): SETTLED@4000 delta/ell=+0.0288
  f_eps=0.00941 (8.0x cap, contam=8.00%, inadmissible(contam>1%)): SETTLED@4000 delta/ell=+0.0299
  f_eps=0.0188 (16.0x cap, contam=16.00%, inadmissible(contam>1%)): SETTLED@4000 delta/ell=+0.0322
  f_eps=0.0376 (32.0x cap, contam=32.00%, inadmissible(contam>1%)): SETTLED@4000 delta/ell=+0.0367
  -> stability threshold f_eps* ~ 0.00118 = 1.0x the contamination cap -> ADMISSIBLE window NON-EMPTY

[done]
