/home/simx2204/anaconda3/envs/w2g/lib/python3.12/site-packages/quadrants/_test_tools/warnings_helper.py:11: UserWarning: cannot create weak reference to 'tuple' object. Template mapper caching disabled.
  warnings.warn(message)
/home/simx2204/anaconda3/envs/w2g/lib/python3.12/site-packages/quadrants/_test_tools/warnings_helper.py:11: UserWarning: cannot create weak reference to 'numpy.int32' object. Template mapper caching disabled.
  warnings.warn(message)
[W 08/16/26 21:11:54.512 2281920] QuadrantsWarning
While compiling `_kernel_add_rods_c968_1`, File "/home/simx2204/DLO-Lab/genesis/engine/solvers/rod_solver.py", line 1500, in _kernel_add_rods:
                edge_idx = qm.mod(i_iv - 1, n_internal_verts) + e_start
                ^^^^^^^^^^^^^^^^^^^^^^^^^^^^^^^^^^^^^^^^^^^^^^^^^^^^^^^
Assign may lose precision: i32 <- f64
[W 08/16/26 21:13:08.711 2281920] QuadrantsWarning
While compiling `_kernel_add_rods_c968_2`, File "/home/simx2204/DLO-Lab/genesis/engine/solvers/rod_solver.py", line 1500, in _kernel_add_rods:
                edge_idx = qm.mod(i_iv - 1, n_internal_verts) + e_start
                ^^^^^^^^^^^^^^^^^^^^^^^^^^^^^^^^^^^^^^^^^^^^^^^^^^^^^^^
Assign may lose precision: i32 <- f64
[W 08/16/26 21:14:15.730 2281920] QuadrantsWarning
While compiling `_kernel_add_rods_c968_3`, File "/home/simx2204/DLO-Lab/genesis/engine/solvers/rod_solver.py", line 1500, in _kernel_add_rods:
                edge_idx = qm.mod(i_iv - 1, n_internal_verts) + e_start
                ^^^^^^^^^^^^^^^^^^^^^^^^^^^^^^^^^^^^^^^^^^^^^^^^^^^^^^^
Assign may lose precision: i32 <- f64
[W 08/16/26 21:15:34.133 2281920] QuadrantsWarning
While compiling `_kernel_add_rods_c968_4`, File "/home/simx2204/DLO-Lab/genesis/engine/solvers/rod_solver.py", line 1500, in _kernel_add_rods:
                edge_idx = qm.mod(i_iv - 1, n_internal_verts) + e_start
                ^^^^^^^^^^^^^^^^^^^^^^^^^^^^^^^^^^^^^^^^^^^^^^^^^^^^^^^
Assign may lose precision: i32 <- f64
[W 08/16/26 21:17:52.999 2281920] QuadrantsWarning
While compiling `_kernel_add_rods_c968_5`, File "/home/simx2204/DLO-Lab/genesis/engine/solvers/rod_solver.py", line 1500, in _kernel_add_rods:
                edge_idx = qm.mod(i_iv - 1, n_internal_verts) + e_start
                ^^^^^^^^^^^^^^^^^^^^^^^^^^^^^^^^^^^^^^^^^^^^^^^^^^^^^^^
Assign may lose precision: i32 <- f64
{
  "method": "cold rebuild per measured batch; warm reset infeasible because Genesis ROD exposes no complete state reset/re-attachment contract",
  "rows": [
    {
      "n_envs": 1,
      "seconds": 51.693146695848554,
      "rollouts_per_s": 0.019344924113128315,
      "stable": true,
      "error": null
    },
    {
      "n_envs": 4,
      "seconds": 74.47737721307203,
      "rollouts_per_s": 0.05370758409706636,
      "stable": true,
      "error": null
    },
    {
      "n_envs": 8,
      "seconds": 67.0214434643276,
      "rollouts_per_s": 0.11936478217241066,
      "stable": true,
      "error": null
    },
    {
      "n_envs": 16,
      "seconds": 78.22681436315179,
      "rollouts_per_s": 0.2045334471339113,
      "stable": true,
      "error": null
    },
    {
      "n_envs": 32,
      "seconds": 138.85481020109728,
      "rollouts_per_s": 0.23045654632818133,
      "stable": true,
      "error": null
    },
    {
      "n_envs": 64,
      "seconds": 102.53426541713998,
      "rollouts_per_s": 0.6241815820265441,
      "stable": true,
      "error": null
    }
  ],
  "chosen_n_envs": 64,
  "projected_seconds_5865": 9396.304166742593,
  "under_one_day": true
}
