PYTHON=/home/simx2204/anaconda3/envs/w2g/bin/python Python 3.12.13
=== installing torch 2.10.0 + torchvision 0.25.0 (cu128) ===
Looking in indexes: https://download.pytorch.org/whl/cu128
Collecting torch==2.10.0
  Downloading torch-2.10.0%2Bcu128-cp312-cp312-manylinux_2_28_x86_64.whl.metadata (30 kB)
Collecting torchvision==0.25.0
  Downloading torchvision-0.25.0%2Bcu128-cp312-cp312-manylinux_2_28_x86_64.whl.metadata (5.4 kB)
Collecting filelock (from torch==2.10.0)
  Downloading filelock-3.32.3-py3-none-any.whl.metadata (2.0 kB)
Collecting typing-extensions>=4.10.0 (from torch==2.10.0)
  Using cached typing_extensions-4.16.0-py3-none-any.whl.metadata (3.3 kB)
Requirement already satisfied: setuptools in /home/simx2204/anaconda3/envs/w2g/lib/python3.12/site-packages (from torch==2.10.0) (83.0.0)
Collecting sympy>=1.13.3 (from torch==2.10.0)
  Using cached sympy-1.14.0-py3-none-any.whl.metadata (12 kB)
Collecting networkx>=2.5.1 (from torch==2.10.0)
  Using cached networkx-3.6.1-py3-none-any.whl.metadata (6.8 kB)
Collecting jinja2 (from torch==2.10.0)
  Using cached jinja2-3.1.6-py3-none-any.whl.metadata (2.9 kB)
Collecting fsspec>=0.8.5 (from torch==2.10.0)
  Downloading fsspec-2026.7.0-py3-none-any.whl.metadata (10 kB)
Collecting cuda-bindings==12.9.4 (from torch==2.10.0)
  Downloading cuda_bindings-12.9.4-cp312-cp312-manylinux_2_24_x86_64.manylinux_2_28_x86_64.whl.metadata (2.6 kB)
Collecting nvidia-cuda-nvrtc-cu12==12.8.93 (from torch==2.10.0)
  Downloading nvidia_cuda_nvrtc_cu12-12.8.93-py3-none-manylinux2010_x86_64.manylinux_2_12_x86_64.whl (88.0 MB)
     ━━━━━━━━━━━━━━━━━━━━━━━━━━━━━━━━━━━━━━━━ 88.0/88.0 MB 30.6 MB/s  0:00:03
Collecting nvidia-cuda-runtime-cu12==12.8.90 (from torch==2.10.0)
  Downloading nvidia_cuda_runtime_cu12-12.8.90-py3-none-manylinux2014_x86_64.manylinux_2_17_x86_64.whl (954 kB)
     ━━━━━━━━━━━━━━━━━━━━━━━━━━━━━━━━━━━━━━━━ 954.8/954.8 kB 35.3 MB/s  0:00:00
Collecting nvidia-cuda-cupti-cu12==12.8.90 (from torch==2.10.0)
  Downloading nvidia_cuda_cupti_cu12-12.8.90-py3-none-manylinux2014_x86_64.manylinux_2_17_x86_64.whl (10.2 MB)
     ━━━━━━━━━━━━━━━━━━━━━━━━━━━━━━━━━━━━━━━━ 10.2/10.2 MB 35.8 MB/s  0:00:00
Collecting nvidia-cudnn-cu12==9.10.2.21 (from torch==2.10.0)
  Downloading nvidia_cudnn_cu12-9.10.2.21-py3-none-manylinux_2_27_x86_64.whl (706.8 MB)
     ━━━━━━━━━━━━━━━━━━━━━━━━━━━━━━━━━━━━━━━━ 706.8/706.8 MB 32.0 MB/s  0:00:22
Collecting nvidia-cublas-cu12==12.8.4.1 (from torch==2.10.0)
  Downloading nvidia_cublas_cu12-12.8.4.1-py3-none-manylinux_2_27_x86_64.whl (594.3 MB)
     ━━━━━━━━━━━━━━━━━━━━━━━━━━━━━━━━━━━━━━━━ 594.3/594.3 MB 31.1 MB/s  0:00:19
Collecting nvidia-cufft-cu12==11.3.3.83 (from torch==2.10.0)
  Downloading nvidia_cufft_cu12-11.3.3.83-py3-none-manylinux2014_x86_64.manylinux_2_17_x86_64.whl (193.1 MB)
     ━━━━━━━━━━━━━━━━━━━━━━━━━━━━━━━━━━━━━━━━ 193.1/193.1 MB 30.7 MB/s  0:00:06
Collecting nvidia-curand-cu12==10.3.9.90 (from torch==2.10.0)
  Downloading nvidia_curand_cu12-10.3.9.90-py3-none-manylinux_2_27_x86_64.whl (63.6 MB)
     ━━━━━━━━━━━━━━━━━━━━━━━━━━━━━━━━━━━━━━━━ 63.6/63.6 MB 32.0 MB/s  0:00:01
Collecting nvidia-cusolver-cu12==11.7.3.90 (from torch==2.10.0)
  Downloading nvidia_cusolver_cu12-11.7.3.90-py3-none-manylinux_2_27_x86_64.whl (267.5 MB)
     ━━━━━━━━━━━━━━━━━━━━━━━━━━━━━━━━━━━━━━━━ 267.5/267.5 MB 33.4 MB/s  0:00:07
Collecting nvidia-cusparse-cu12==12.5.8.93 (from torch==2.10.0)
  Downloading nvidia_cusparse_cu12-12.5.8.93-py3-none-manylinux2014_x86_64.manylinux_2_17_x86_64.whl (288.2 MB)
     ━━━━━━━━━━━━━━━━━━━━━━━━━━━━━━━━━━━━━━━━ 288.2/288.2 MB 33.6 MB/s  0:00:08
Collecting nvidia-cusparselt-cu12==0.7.1 (from torch==2.10.0)
  Downloading nvidia_cusparselt_cu12-0.7.1-py3-none-manylinux2014_x86_64.whl (287.2 MB)
     ━━━━━━━━━━━━━━━━━━━━━━━━━━━━━━━━━━━━━━━━ 287.2/287.2 MB 34.3 MB/s  0:00:08
Collecting nvidia-nccl-cu12==2.27.5 (from torch==2.10.0)
  Downloading nvidia_nccl_cu12-2.27.5-py3-none-manylinux2014_x86_64.manylinux_2_17_x86_64.whl (322.3 MB)
     ━━━━━━━━━━━━━━━━━━━━━━━━━━━━━━━━━━━━━━━━ 322.3/322.3 MB 34.1 MB/s  0:00:09
Collecting nvidia-nvshmem-cu12==3.4.5 (from torch==2.10.0)
  Downloading nvidia_nvshmem_cu12-3.4.5-py3-none-manylinux2014_x86_64.manylinux_2_17_x86_64.whl (139.1 MB)
     ━━━━━━━━━━━━━━━━━━━━━━━━━━━━━━━━━━━━━━━━ 139.1/139.1 MB 28.6 MB/s  0:00:04
Collecting nvidia-nvtx-cu12==12.8.90 (from torch==2.10.0)
  Downloading nvidia_nvtx_cu12-12.8.90-py3-none-manylinux2014_x86_64.manylinux_2_17_x86_64.whl (89 kB)
Collecting nvidia-nvjitlink-cu12==12.8.93 (from torch==2.10.0)
  Downloading nvidia_nvjitlink_cu12-12.8.93-py3-none-manylinux2010_x86_64.manylinux_2_12_x86_64.whl (39.3 MB)
     ━━━━━━━━━━━━━━━━━━━━━━━━━━━━━━━━━━━━━━━━ 39.3/39.3 MB 34.8 MB/s  0:00:01
Collecting nvidia-cufile-cu12==1.13.1.3 (from torch==2.10.0)
  Downloading nvidia_cufile_cu12-1.13.1.3-py3-none-manylinux2014_x86_64.manylinux_2_17_x86_64.whl (1.2 MB)
     ━━━━━━━━━━━━━━━━━━━━━━━━━━━━━━━━━━━━━━━━ 1.2/1.2 MB 32.9 MB/s  0:00:00
Collecting triton==3.6.0 (from torch==2.10.0)
  Using cached triton-3.6.0-cp312-cp312-manylinux_2_27_x86_64.manylinux_2_28_x86_64.whl.metadata (1.7 kB)
Collecting numpy (from torchvision==0.25.0)
  Downloading numpy-2.5.2-cp312-cp312-manylinux_2_27_x86_64.manylinux_2_28_x86_64.whl.metadata (6.6 kB)
Collecting pillow!=8.3.*,>=5.3.0 (from torchvision==0.25.0)
  Downloading pillow-12.3.0-cp312-cp312-manylinux_2_27_x86_64.manylinux_2_28_x86_64.whl.metadata (9.1 kB)
Collecting cuda-pathfinder~=1.1 (from cuda-bindings==12.9.4->torch==2.10.0)
  Downloading cuda_pathfinder-1.6.0-py3-none-any.whl.metadata (1.9 kB)
Collecting mpmath<1.4,>=1.1.0 (from sympy>=1.13.3->torch==2.10.0)
  Using cached mpmath-1.3.0-py3-none-any.whl.metadata (8.6 kB)
Collecting MarkupSafe>=2.0 (from jinja2->torch==2.10.0)
  Using cached markupsafe-3.0.3-cp312-cp312-manylinux2014_x86_64.manylinux_2_17_x86_64.manylinux_2_28_x86_64.whl.metadata (2.7 kB)
Downloading torch-2.10.0%2Bcu128-cp312-cp312-manylinux_2_28_x86_64.whl (916.9 MB)
   ━━━━━━━━━━━━━━━━━━━━━━━━━━━━━━━━━━━━━━━━ 916.9/916.9 MB 22.8 MB/s  0:00:33
Downloading torchvision-0.25.0%2Bcu128-cp312-cp312-manylinux_2_28_x86_64.whl (8.1 MB)
   ━━━━━━━━━━━━━━━━━━━━━━━━━━━━━━━━━━━━━━━━ 8.1/8.1 MB 22.3 MB/s  0:00:00
Downloading cuda_bindings-12.9.4-cp312-cp312-manylinux_2_24_x86_64.manylinux_2_28_x86_64.whl (12.2 MB)
   ━━━━━━━━━━━━━━━━━━━━━━━━━━━━━━━━━━━━━━━━ 12.2/12.2 MB 17.3 MB/s  0:00:00
Using cached triton-3.6.0-cp312-cp312-manylinux_2_27_x86_64.manylinux_2_28_x86_64.whl (188.3 MB)
Downloading cuda_pathfinder-1.6.0-py3-none-any.whl (54 kB)
Downloading fsspec-2026.7.0-py3-none-any.whl (206 kB)
Using cached networkx-3.6.1-py3-none-any.whl (2.1 MB)
Downloading pillow-12.3.0-cp312-cp312-manylinux_2_27_x86_64.manylinux_2_28_x86_64.whl (6.9 MB)
   ━━━━━━━━━━━━━━━━━━━━━━━━━━━━━━━━━━━━━━━━ 6.9/6.9 MB 32.2 MB/s  0:00:00
Using cached sympy-1.14.0-py3-none-any.whl (6.3 MB)
Using cached mpmath-1.3.0-py3-none-any.whl (536 kB)
Using cached typing_extensions-4.16.0-py3-none-any.whl (45 kB)
Downloading filelock-3.32.3-py3-none-any.whl (98 kB)
Using cached jinja2-3.1.6-py3-none-any.whl (134 kB)
Using cached markupsafe-3.0.3-cp312-cp312-manylinux2014_x86_64.manylinux_2_17_x86_64.manylinux_2_28_x86_64.whl (22 kB)
Downloading numpy-2.5.2-cp312-cp312-manylinux_2_27_x86_64.manylinux_2_28_x86_64.whl (16.7 MB)
   ━━━━━━━━━━━━━━━━━━━━━━━━━━━━━━━━━━━━━━━━ 16.7/16.7 MB 32.2 MB/s  0:00:00
Installing collected packages: nvidia-cusparselt-cu12, mpmath, typing-extensions, triton, sympy, pillow, nvidia-nvtx-cu12, nvidia-nvshmem-cu12, nvidia-nvjitlink-cu12, nvidia-nccl-cu12, nvidia-curand-cu12, nvidia-cufile-cu12, nvidia-cuda-runtime-cu12, nvidia-cuda-nvrtc-cu12, nvidia-cuda-cupti-cu12, nvidia-cublas-cu12, numpy, networkx, MarkupSafe, fsspec, filelock, cuda-pathfinder, nvidia-cusparse-cu12, nvidia-cufft-cu12, nvidia-cudnn-cu12, jinja2, cuda-bindings, nvidia-cusolver-cu12, torch, torchvision

Successfully installed MarkupSafe-3.0.3 cuda-bindings-12.9.4 cuda-pathfinder-1.6.0 filelock-3.32.3 fsspec-2026.7.0 jinja2-3.1.6 mpmath-1.3.0 networkx-3.6.1 numpy-2.5.2 nvidia-cublas-cu12-12.8.4.1 nvidia-cuda-cupti-cu12-12.8.90 nvidia-cuda-nvrtc-cu12-12.8.93 nvidia-cuda-runtime-cu12-12.8.90 nvidia-cudnn-cu12-9.10.2.21 nvidia-cufft-cu12-11.3.3.83 nvidia-cufile-cu12-1.13.1.3 nvidia-curand-cu12-10.3.9.90 nvidia-cusolver-cu12-11.7.3.90 nvidia-cusparse-cu12-12.5.8.93 nvidia-cusparselt-cu12-0.7.1 nvidia-nccl-cu12-2.27.5 nvidia-nvjitlink-cu12-12.8.93 nvidia-nvshmem-cu12-3.4.5 nvidia-nvtx-cu12-12.8.90 pillow-12.3.0 sympy-1.14.0 torch-2.10.0+cu128 torchvision-0.25.0+cu128 triton-3.6.0 typing-extensions-4.16.0
TORCH_INSTALL_DONE_OK
=== editable install DLO-Lab [dlo-lab,dev] ===
Obtaining file:///home/simx2204/DLO-Lab
  Installing build dependencies: started
  Installing build dependencies: finished with status 'done'
  Checking if build backend supports build_editable: started
  Checking if build backend supports build_editable: finished with status 'done'
  Getting requirements to build editable: started
  Getting requirements to build editable: finished with status 'done'
  Preparing editable metadata (pyproject.toml): started
  Preparing editable metadata (pyproject.toml): finished with status 'done'
Collecting psutil (from genesis-world==1.0.0)
  Using cached psutil-7.2.2-cp36-abi3-manylinux2010_x86_64.manylinux_2_12_x86_64.manylinux_2_28_x86_64.whl.metadata (22 kB)
Collecting quadrants==0.8.0 (from genesis-world==1.0.0)
  Using cached quadrants-0.8.0-cp312-cp312-manylinux_2_27_x86_64.manylinux_2_28_x86_64.whl.metadata (6.8 kB)
Collecting pydantic>=2.11.0 (from genesis-world==1.0.0)
  Using cached pydantic-2.13.4-py3-none-any.whl.metadata (109 kB)
Requirement already satisfied: numpy>=1.26.4 in /home/simx2204/anaconda3/envs/w2g/lib/python3.12/site-packages (from genesis-world==1.0.0) (2.5.2)
Collecting frozendict (from genesis-world==1.0.0)
  Using cached frozendict-2.4.7-py3-none-any.whl.metadata (23 kB)
Collecting trimesh>=4.8.2 (from genesis-world==1.0.0)
  Downloading trimesh-5.0.0-py3-none-any.whl.metadata (13 kB)
Collecting xacro (from genesis-world==1.0.0)
  Using cached xacro-2.1.1-py3-none-any.whl.metadata (2.4 kB)
Collecting libigl!=2.6.2 (from genesis-world==1.0.0)
  Using cached libigl-2.6.1-cp312-abi3-manylinux_2_27_x86_64.manylinux_2_28_x86_64.whl.metadata (4.8 kB)
Collecting py-cpuinfo (from genesis-world==1.0.0)
  Using cached py_cpuinfo-9.0.0-py3-none-any.whl.metadata (794 bytes)
Collecting mujoco>=3.2.5 (from genesis-world==1.0.0)
  Downloading mujoco-3.11.0-cp312-cp312-manylinux_2_27_x86_64.manylinux_2_28_x86_64.whl.metadata (232 kB)
Collecting moviepy>=2.0.0 (from genesis-world==1.0.0)
  Using cached moviepy-2.2.1-py3-none-any.whl.metadata (6.9 kB)
Collecting pyglet!=2.1.8,>=1.5 (from genesis-world==1.0.0)
  Downloading pyglet-2.1.16-py3-none-any.whl.metadata (8.0 kB)
Collecting freetype-py (from genesis-world==1.0.0)
  Using cached freetype_py-2.5.1-py3-none-manylinux_2_5_x86_64.manylinux1_x86_64.manylinux_2_12_x86_64.manylinux2010_x86_64.whl.metadata (6.3 kB)
Collecting PyOpenGL>=3.1.4 (from genesis-world==1.0.0)
  Using cached pyopengl-3.1.10-py3-none-any.whl.metadata (3.3 kB)
Collecting numba (from genesis-world==1.0.0)
  Downloading numba-0.67.0-cp312-cp312-manylinux2014_x86_64.manylinux_2_17_x86_64.whl.metadata (2.7 kB)
Collecting pymeshlab (from genesis-world==1.0.0)
  Using cached pymeshlab-2025.7.post1-cp312-cp312-manylinux_2_35_x86_64.whl.metadata (4.0 kB)
Collecting pycollada (from genesis-world==1.0.0)
  Using cached pycollada-0.9.3-py3-none-any.whl.metadata (1.7 kB)
Collecting pygltflib==1.16.0 (from genesis-world==1.0.0)
  Using cached pygltflib-1.16.0-py3-none-any.whl
Collecting DracoPy (from genesis-world==1.0.0)
  Using cached dracopy-2.0.0-cp312-cp312-manylinux_2_24_x86_64.manylinux_2_28_x86_64.whl.metadata (3.0 kB)
Collecting tetgen==0.8.2 (from genesis-world==1.0.0)
  Using cached tetgen-0.8.2-cp312-abi3-manylinux_2_27_x86_64.manylinux_2_28_x86_64.whl.metadata (10 kB)
Collecting PyGEL3D (from genesis-world==1.0.0)
  Using cached PyGEL3D-0.6.1-py3-none-any.whl.metadata (7.3 kB)
Collecting vtk (from genesis-world==1.0.0)
  Downloading vtk-9.7.0-cp312-cp312-manylinux2014_x86_64.manylinux_2_17_x86_64.whl.metadata (5.6 kB)
Requirement already satisfied: Pillow>11.0 in /home/simx2204/anaconda3/envs/w2g/lib/python3.12/site-packages (from genesis-world==1.0.0) (12.3.0)
Collecting opencv-python (from genesis-world==1.0.0)
  Downloading opencv_python-5.0.0.93-cp37-abi3-manylinux_2_28_x86_64.whl.metadata (19 kB)
Collecting scikit-image (from genesis-world==1.0.0)
  Using cached scikit_image-0.26.0-cp312-cp312-manylinux_2_24_x86_64.manylinux_2_28_x86_64.whl.metadata (15 kB)
Collecting coacd (from genesis-world==1.0.0)
  Downloading coacd-1.0.12-cp39-abi3-manylinux_2_17_x86_64.manylinux2014_x86_64.whl.metadata (1.1 kB)
Collecting rtree (from genesis-world==1.0.0)
  Using cached rtree-1.4.1-py3-none-manylinux_2_24_x86_64.manylinux_2_28_x86_64.whl.metadata (2.1 kB)
Collecting z3-solver<4.15.5.0 (from genesis-world==1.0.0)
  Using cached z3_solver-4.15.4.0-py3-none-manylinux_2_17_x86_64.manylinux2014_x86_64.whl.metadata (602 bytes)
Collecting OpenEXR (from genesis-world==1.0.0)
  Downloading openexr-3.4.14-cp312-cp312-manylinux_2_28_x86_64.whl.metadata (10 kB)
Collecting gs-madrona==0.0.7.post2 (from genesis-world==1.0.0)
  Using cached gs_madrona-0.0.7.post2-cp312-abi3-manylinux_2_27_x86_64.manylinux_2_28_x86_64.whl.metadata (7.8 kB)
Collecting fast_simplification>=0.1.12 (from genesis-world==1.0.0)
  Downloading fast_simplification-0.2.0-cp312-cp312-manylinux_2_24_x86_64.manylinux_2_28_x86_64.whl.metadata (9.8 kB)
Collecting pysplashsurf==0.14.* (from genesis-world==1.0.0)
  Using cached pysplashsurf-0.14.1.0-cp310-abi3-manylinux_2_17_x86_64.manylinux2014_x86_64.whl.metadata (5.8 kB)
Collecting black (from genesis-world==1.0.0)
  Using cached black-26.5.1-cp312-cp312-manylinux2014_x86_64.manylinux_2_17_x86_64.manylinux_2_28_x86_64.whl.metadata (95 kB)
Collecting pytest (from genesis-world==1.0.0)
  Using cached pytest-9.1.1-py3-none-any.whl.metadata (7.6 kB)
Collecting pytest-xdist (from genesis-world==1.0.0)
  Using cached pytest_xdist-3.8.0-py3-none-any.whl.metadata (3.0 kB)
Collecting pytest-forked (from genesis-world==1.0.0)
  Downloading pytest_forked-1.7.5-py3-none-any.whl.metadata (3.7 kB)
Collecting pytest-timeout (from genesis-world==1.0.0)
  Using cached pytest_timeout-2.4.0-py3-none-any.whl.metadata (20 kB)
Collecting pytest-print (from genesis-world==1.0.0)
  Downloading pytest_print-1.3.0-py3-none-any.whl.metadata (10 kB)
Collecting setproctitle (from genesis-world==1.0.0)
  Using cached setproctitle-1.3.7-cp312-cp312-manylinux1_x86_64.manylinux_2_28_x86_64.manylinux_2_5_x86_64.whl.metadata (10 kB)
Collecting syrupy (from genesis-world==1.0.0)
  Downloading syrupy-5.5.3-py3-none-any.whl.metadata (42 kB)
Collecting huggingface_hub[hf_xet] (from genesis-world==1.0.0)
  Downloading huggingface_hub-1.27.0-py3-none-any.whl.metadata (16 kB)
Collecting wandb (from genesis-world==1.0.0)
  Downloading wandb-0.28.2-py3-none-manylinux_2_28_x86_64.whl.metadata (11 kB)
Collecting ipython (from genesis-world==1.0.0)
  Downloading ipython-9.16.1-py3-none-any.whl.metadata (4.6 kB)
Collecting mujoco>=3.2.5 (from genesis-world==1.0.0)
  Using cached mujoco-3.6.0-cp312-cp312-manylinux_2_27_x86_64.manylinux_2_28_x86_64.whl.metadata (42 kB)
Collecting matplotlib>=3.7.0 (from genesis-world==1.0.0)
  Downloading matplotlib-3.11.1-cp312-cp312-manylinux2014_x86_64.manylinux_2_17_x86_64.whl.metadata (80 kB)
Collecting av (from genesis-world==1.0.0)
  Downloading av-18.1.0-cp311-abi3-manylinux_2_28_x86_64.whl.metadata (5.0 kB)
Collecting scipy (from genesis-world==1.0.0)
  Using cached scipy-1.18.0-cp312-cp312-manylinux_2_27_x86_64.manylinux_2_28_x86_64.whl.metadata (62 kB)
Collecting pre_commit (from genesis-world==1.0.0)
  Downloading pre_commit-4.6.2-py2.py3-none-any.whl.metadata (1.2 kB)
Collecting mediapy (from genesis-world==1.0.0)
  Downloading mediapy-1.2.7-py3-none-any.whl.metadata (4.8 kB)
Collecting omegaconf (from genesis-world==1.0.0)
  Using cached omegaconf-2.3.1-py3-none-any.whl.metadata (4.5 kB)
Collecting natsort (from genesis-world==1.0.0)
  Using cached natsort-8.4.0-py3-none-any.whl.metadata (21 kB)
Collecting cma (from genesis-world==1.0.0)
  Using cached cma-4.4.4-py3-none-any.whl.metadata (9.2 kB)
Collecting pin-pink (from genesis-world==1.0.0)
  Downloading pin_pink-4.3.0-py3-none-any.whl.metadata (12 kB)
Collecting qpsolvers[quadprog] (from genesis-world==1.0.0)
  Using cached qpsolvers-4.13.0-py3-none-any.whl.metadata (14 kB)
Collecting lerobot (from genesis-world==1.0.0)
  Downloading lerobot-0.6.1-py3-none-any.whl.metadata (28 kB)
Collecting pandas (from genesis-world==1.0.0)
  Downloading pandas-3.0.5-cp312-cp312-manylinux_2_24_x86_64.manylinux_2_28_x86_64.whl.metadata (79 kB)
Collecting pyarrow (from genesis-world==1.0.0)
  Downloading pyarrow-25.0.1-cp312-cp312-manylinux_2_28_x86_64.whl.metadata (3.0 kB)
Collecting imageio[ffmpeg] (from genesis-world==1.0.0)
  Downloading imageio-2.37.4-py3-none-any.whl.metadata (9.6 kB)
Collecting flask (from genesis-world==1.0.0)
  Using cached flask-3.1.3-py3-none-any.whl.metadata (3.2 kB)
Collecting dataclasses-json>=0.0.25 (from pygltflib==1.16.0->genesis-world==1.0.0)
  Using cached dataclasses_json-0.6.7-py3-none-any.whl.metadata (25 kB)
Collecting deprecated (from pygltflib==1.16.0->genesis-world==1.0.0)
  Using cached deprecated-1.3.1-py2.py3-none-any.whl.metadata (5.9 kB)
Collecting colorama (from quadrants==0.8.0->genesis-world==1.0.0)
  Using cached colorama-0.4.6-py2.py3-none-any.whl.metadata (17 kB)
Collecting dill (from quadrants==0.8.0->genesis-world==1.0.0)
  Using cached dill-0.4.1-py3-none-any.whl.metadata (10 kB)
Collecting rich>=1.0.0 (from quadrants==0.8.0->genesis-world==1.0.0)
  Using cached rich-15.0.0-py3-none-any.whl.metadata (18 kB)
Requirement already satisfied: setuptools>=77.0.0 in /home/simx2204/anaconda3/envs/w2g/lib/python3.12/site-packages (from quadrants==0.8.0->genesis-world==1.0.0) (83.0.0)
Collecting cffi>=1.16.0 (from quadrants==0.8.0->genesis-world==1.0.0)
  Downloading cffi-2.1.1-cp312-cp312-manylinux2014_x86_64.manylinux_2_17_x86_64.whl.metadata (2.5 kB)
Collecting absl-py (from mujoco>=3.2.5->genesis-world==1.0.0)
  Using cached absl_py-2.5.0-py3-none-any.whl.metadata (3.3 kB)
Collecting etils[epath] (from mujoco>=3.2.5->genesis-world==1.0.0)
  Using cached etils-1.14.0-py3-none-any.whl.metadata (6.5 kB)
Collecting glfw (from mujoco>=3.2.5->genesis-world==1.0.0)
  Downloading glfw-2.10.2-py2.py3-none-manylinux_2_28_x86_64.whl.metadata (5.5 kB)
Collecting pycparser (from cffi>=1.16.0->quadrants==0.8.0->genesis-world==1.0.0)
  Using cached pycparser-3.0-py3-none-any.whl.metadata (8.2 kB)
Collecting marshmallow<4.0.0,>=3.18.0 (from dataclasses-json>=0.0.25->pygltflib==1.16.0->genesis-world==1.0.0)
  Using cached marshmallow-3.26.2-py3-none-any.whl.metadata (7.3 kB)
Collecting typing-inspect<1,>=0.4.0 (from dataclasses-json>=0.0.25->pygltflib==1.16.0->genesis-world==1.0.0)
  Using cached typing_inspect-0.9.0-py3-none-any.whl.metadata (1.5 kB)
Requirement already satisfied: packaging>=17.0 in /home/simx2204/anaconda3/envs/w2g/lib/python3.12/site-packages (from marshmallow<4.0.0,>=3.18.0->dataclasses-json>=0.0.25->pygltflib==1.16.0->genesis-world==1.0.0) (26.2)
Collecting mypy-extensions>=0.3.0 (from typing-inspect<1,>=0.4.0->dataclasses-json>=0.0.25->pygltflib==1.16.0->genesis-world==1.0.0)
  Using cached mypy_extensions-1.1.0-py3-none-any.whl.metadata (1.1 kB)
Requirement already satisfied: typing-extensions>=3.7.4 in /home/simx2204/anaconda3/envs/w2g/lib/python3.12/site-packages (from typing-inspect<1,>=0.4.0->dataclasses-json>=0.0.25->pygltflib==1.16.0->genesis-world==1.0.0) (4.16.0)
Collecting contourpy>=1.0.1 (from matplotlib>=3.7.0->genesis-world==1.0.0)
  Using cached contourpy-1.3.3-cp312-cp312-manylinux_2_27_x86_64.manylinux_2_28_x86_64.whl.metadata (5.5 kB)
Collecting cycler>=0.10 (from matplotlib>=3.7.0->genesis-world==1.0.0)
  Using cached cycler-0.12.1-py3-none-any.whl.metadata (3.8 kB)
Collecting fonttools>=4.28.2 (from matplotlib>=3.7.0->genesis-world==1.0.0)
  Using cached fonttools-4.63.0-cp312-cp312-manylinux2014_x86_64.manylinux_2_17_x86_64.whl.metadata (118 kB)
Collecting kiwisolver>=1.3.1 (from matplotlib>=3.7.0->genesis-world==1.0.0)
  Using cached kiwisolver-1.5.0-cp312-cp312-manylinux2014_x86_64.manylinux_2_17_x86_64.whl.metadata (5.1 kB)
Collecting pyparsing>=3 (from matplotlib>=3.7.0->genesis-world==1.0.0)
  Using cached pyparsing-3.3.2-py3-none-any.whl.metadata (5.8 kB)
Collecting python-dateutil>=2.7 (from matplotlib>=3.7.0->genesis-world==1.0.0)
  Using cached python_dateutil-2.9.0.post0-py2.py3-none-any.whl.metadata (8.4 kB)
Collecting decorator<6.0,>=4.0.2 (from moviepy>=2.0.0->genesis-world==1.0.0)
  Using cached decorator-5.3.1-py3-none-any.whl.metadata (3.9 kB)
Collecting imageio_ffmpeg>=0.2.0 (from moviepy>=2.0.0->genesis-world==1.0.0)
  Using cached imageio_ffmpeg-0.6.0-py3-none-manylinux2014_x86_64.whl.metadata (1.5 kB)
Collecting proglog<=1.0.0 (from moviepy>=2.0.0->genesis-world==1.0.0)
  Using cached proglog-0.1.12-py3-none-any.whl.metadata (794 bytes)
Collecting python-dotenv>=0.10 (from moviepy>=2.0.0->genesis-world==1.0.0)
  Using cached python_dotenv-1.2.2-py3-none-any.whl.metadata (27 kB)
Collecting Pillow>11.0 (from genesis-world==1.0.0)
  Using cached pillow-11.3.0-cp312-cp312-manylinux_2_27_x86_64.manylinux_2_28_x86_64.whl.metadata (9.0 kB)
Collecting tqdm (from proglog<=1.0.0->moviepy>=2.0.0->genesis-world==1.0.0)
  Downloading tqdm-4.70.0-py3-none-any.whl.metadata (57 kB)
Collecting annotated-types>=0.6.0 (from pydantic>=2.11.0->genesis-world==1.0.0)
  Downloading annotated_types-0.8.0-py3-none-any.whl.metadata (15 kB)
Collecting pydantic-core==2.46.4 (from pydantic>=2.11.0->genesis-world==1.0.0)
  Using cached pydantic_core-2.46.4-cp312-cp312-manylinux_2_17_x86_64.manylinux2014_x86_64.whl.metadata (6.6 kB)
Collecting typing-inspection>=0.4.2 (from pydantic>=2.11.0->genesis-world==1.0.0)
  Downloading typing_inspection-0.4.4-py3-none-any.whl.metadata (2.6 kB)
Collecting six>=1.5 (from python-dateutil>=2.7->matplotlib>=3.7.0->genesis-world==1.0.0)
  Using cached six-1.17.0-py2.py3-none-any.whl.metadata (1.7 kB)
Collecting markdown-it-py>=2.2.0 (from rich>=1.0.0->quadrants==0.8.0->genesis-world==1.0.0)
  Using cached markdown_it_py-4.2.0-py3-none-any.whl.metadata (7.4 kB)
Collecting pygments<3.0.0,>=2.13.0 (from rich>=1.0.0->quadrants==0.8.0->genesis-world==1.0.0)
  Using cached pygments-2.20.0-py3-none-any.whl.metadata (2.5 kB)
Collecting mdurl~=0.1 (from markdown-it-py>=2.2.0->rich>=1.0.0->quadrants==0.8.0->genesis-world==1.0.0)
  Using cached mdurl-0.1.2-py3-none-any.whl.metadata (1.6 kB)
Collecting click>=8.0.0 (from black->genesis-world==1.0.0)
  Using cached click-8.4.2-py3-none-any.whl.metadata (2.6 kB)
Collecting pathspec>=1.0.0 (from black->genesis-world==1.0.0)
  Using cached pathspec-1.1.1-py3-none-any.whl.metadata (14 kB)
Collecting platformdirs>=2 (from black->genesis-world==1.0.0)
  Downloading platformdirs-4.11.3-py3-none-any.whl.metadata (5.5 kB)
Collecting pytokens~=0.4.0 (from black->genesis-world==1.0.0)
  Using cached pytokens-0.4.1-cp312-cp312-manylinux2014_x86_64.manylinux_2_17_x86_64.manylinux_2_28_x86_64.whl.metadata (3.8 kB)
Collecting wrapt<3,>=1.10 (from deprecated->pygltflib==1.16.0->genesis-world==1.0.0)
  Downloading wrapt-2.3.0-cp312-cp312-manylinux1_x86_64.manylinux_2_28_x86_64.manylinux_2_5_x86_64.whl.metadata (7.4 kB)
Requirement already satisfied: fsspec in /home/simx2204/anaconda3/envs/w2g/lib/python3.12/site-packages (from etils[epath]->mujoco>=3.2.5->genesis-world==1.0.0) (2026.7.0)
Collecting zipp (from etils[epath]->mujoco>=3.2.5->genesis-world==1.0.0)
  Using cached zipp-4.1.0-py3-none-any.whl.metadata (3.6 kB)
Collecting blinker>=1.9.0 (from flask->genesis-world==1.0.0)
  Using cached blinker-1.9.0-py3-none-any.whl.metadata (1.6 kB)
Collecting itsdangerous>=2.2.0 (from flask->genesis-world==1.0.0)
  Using cached itsdangerous-2.2.0-py3-none-any.whl.metadata (1.9 kB)
Requirement already satisfied: jinja2>=3.1.2 in /home/simx2204/anaconda3/envs/w2g/lib/python3.12/site-packages (from flask->genesis-world==1.0.0) (3.1.6)
Requirement already satisfied: markupsafe>=2.1.1 in /home/simx2204/anaconda3/envs/w2g/lib/python3.12/site-packages (from flask->genesis-world==1.0.0) (3.0.3)
Collecting werkzeug>=3.1.0 (from flask->genesis-world==1.0.0)
  Using cached werkzeug-3.1.8-py3-none-any.whl.metadata (4.0 kB)
Requirement already satisfied: filelock>=3.10.0 in /home/simx2204/anaconda3/envs/w2g/lib/python3.12/site-packages (from huggingface_hub[hf_xet]; extra == "dev"->genesis-world==1.0.0) (3.32.3)
Collecting hf-xet<2.0.0,>=1.5.2 (from huggingface_hub[hf_xet]; extra == "dev"->genesis-world==1.0.0)
  Downloading hf_xet-1.6.0-cp38-abi3-manylinux2014_x86_64.manylinux_2_17_x86_64.whl.metadata (4.9 kB)
Collecting httpx<1,>=0.23.0 (from huggingface_hub[hf_xet]; extra == "dev"->genesis-world==1.0.0)
  Using cached httpx-0.28.1-py3-none-any.whl.metadata (7.1 kB)
Collecting pyyaml>=5.1 (from huggingface_hub[hf_xet]; extra == "dev"->genesis-world==1.0.0)
  Using cached pyyaml-6.0.3-cp312-cp312-manylinux2014_x86_64.manylinux_2_17_x86_64.manylinux_2_28_x86_64.whl.metadata (2.4 kB)
Collecting anyio (from httpx<1,>=0.23.0->huggingface_hub[hf_xet]; extra == "dev"->genesis-world==1.0.0)
  Using cached anyio-4.14.2-py3-none-any.whl.metadata (4.6 kB)
Collecting certifi (from httpx<1,>=0.23.0->huggingface_hub[hf_xet]; extra == "dev"->genesis-world==1.0.0)
  Downloading certifi-2026.7.22-py3-none-any.whl.metadata (2.5 kB)
Collecting httpcore==1.* (from httpx<1,>=0.23.0->huggingface_hub[hf_xet]; extra == "dev"->genesis-world==1.0.0)
  Using cached httpcore-1.0.9-py3-none-any.whl.metadata (21 kB)
Collecting idna (from httpx<1,>=0.23.0->huggingface_hub[hf_xet]; extra == "dev"->genesis-world==1.0.0)
  Using cached idna-3.18-py3-none-any.whl.metadata (6.1 kB)
Collecting h11>=0.16 (from httpcore==1.*->httpx<1,>=0.23.0->huggingface_hub[hf_xet]; extra == "dev"->genesis-world==1.0.0)
  Using cached h11-0.16.0-py3-none-any.whl.metadata (8.3 kB)
Collecting ipython-pygments-lexers>=1.0.0 (from ipython->genesis-world==1.0.0)
  Using cached ipython_pygments_lexers-1.1.1-py3-none-any.whl.metadata (1.1 kB)
Collecting jedi>=0.18.2 (from ipython->genesis-world==1.0.0)
  Using cached jedi-0.20.0-py2.py3-none-any.whl.metadata (23 kB)
Collecting matplotlib-inline>=0.1.6 (from ipython->genesis-world==1.0.0)
  Using cached matplotlib_inline-0.2.2-py3-none-any.whl.metadata (2.4 kB)
Collecting pexpect>4.6 (from ipython->genesis-world==1.0.0)
  Using cached pexpect-4.9.0-py2.py3-none-any.whl.metadata (2.5 kB)
Collecting prompt_toolkit<3.1.0,>=3.0.41 (from ipython->genesis-world==1.0.0)
  Downloading prompt_toolkit-3.0.53-py3-none-any.whl.metadata (6.4 kB)
Collecting stack_data>=0.6.0 (from ipython->genesis-world==1.0.0)
  Using cached stack_data-0.6.3-py3-none-any.whl.metadata (18 kB)
Collecting traitlets>=5.13.0 (from ipython->genesis-world==1.0.0)
  Downloading traitlets-5.16.1-py3-none-any.whl.metadata (10 kB)
Collecting wcwidth>=0.1.4 (from prompt_toolkit<3.1.0,>=3.0.41->ipython->genesis-world==1.0.0)
  Using cached wcwidth-0.8.2-py3-none-any.whl.metadata (43 kB)
Collecting parso<0.9.0,>=0.8.6 (from jedi>=0.18.2->ipython->genesis-world==1.0.0)
  Using cached parso-0.8.7-py2.py3-none-any.whl.metadata (8.2 kB)
Collecting ptyprocess>=0.5 (from pexpect>4.6->ipython->genesis-world==1.0.0)
  Using cached ptyprocess-0.7.0-py2.py3-none-any.whl.metadata (1.3 kB)
Collecting executing>=1.2.0 (from stack_data>=0.6.0->ipython->genesis-world==1.0.0)
  Using cached executing-2.2.1-py2.py3-none-any.whl.metadata (8.9 kB)
Collecting asttokens>=2.1.0 (from stack_data>=0.6.0->ipython->genesis-world==1.0.0)
  Using cached asttokens-3.0.2-py3-none-any.whl.metadata (5.7 kB)
Collecting pure-eval (from stack_data>=0.6.0->ipython->genesis-world==1.0.0)
  Using cached pure_eval-0.2.3-py3-none-any.whl.metadata (6.3 kB)
Requirement already satisfied: torch<2.12.0,>=2.7 in /home/simx2204/anaconda3/envs/w2g/lib/python3.12/site-packages (from lerobot->genesis-world==1.0.0) (2.10.0+cu128)
Requirement already satisfied: torchvision<0.27.0,>=0.22.0 in /home/simx2204/anaconda3/envs/w2g/lib/python3.12/site-packages (from lerobot->genesis-world==1.0.0) (0.25.0+cu128)
Collecting numpy>=1.26.4 (from genesis-world==1.0.0)
  Using cached numpy-2.2.6-cp312-cp312-manylinux_2_17_x86_64.manylinux2014_x86_64.whl.metadata (62 kB)
Collecting opencv-python-headless<4.14.0,>=4.9.0 (from lerobot->genesis-world==1.0.0)
  Using cached opencv_python_headless-4.13.0.92-cp37-abi3-manylinux_2_28_x86_64.whl.metadata (19 kB)
Collecting einops<0.9.0,>=0.8.0 (from lerobot->genesis-world==1.0.0)
  Using cached einops-0.8.2-py3-none-any.whl.metadata (13 kB)
Collecting draccus<0.12.0,>=0.11.6 (from lerobot->genesis-world==1.0.0)
  Downloading draccus-0.11.6-py3-none-any.whl.metadata (22 kB)
Collecting requests<3.0.0,>=2.32.0 (from lerobot->genesis-world==1.0.0)
  Using cached requests-2.34.2-py3-none-any.whl.metadata (4.8 kB)
Collecting gymnasium<2.0.0,>=1.1.1 (from lerobot->genesis-world==1.0.0)
  Using cached gymnasium-1.3.0-py3-none-any.whl.metadata (10 kB)
Collecting safetensors<1.0.0,>=0.4.3 (from lerobot->genesis-world==1.0.0)
  Using cached safetensors-0.8.0-cp310-abi3-manylinux_2_17_x86_64.manylinux2014_x86_64.whl.metadata (4.2 kB)
Collecting packaging>=17.0 (from marshmallow<4.0.0,>=3.18.0->dataclasses-json>=0.0.25->pygltflib==1.16.0->genesis-world==1.0.0)
  Using cached packaging-25.0-py3-none-any.whl.metadata (3.3 kB)
Collecting termcolor<4.0.0,>=2.4.0 (from lerobot->genesis-world==1.0.0)
  Using cached termcolor-3.3.0-py3-none-any.whl.metadata (6.5 kB)
Collecting cmake<4.2.0,>=3.29.0.1 (from lerobot->genesis-world==1.0.0)
  Using cached cmake-4.1.3-py3-none-manylinux2014_x86_64.manylinux_2_17_x86_64.whl.metadata (6.5 kB)
Collecting setuptools>=77.0.0 (from quadrants==0.8.0->genesis-world==1.0.0)
  Using cached setuptools-81.0.0-py3-none-any.whl.metadata (6.6 kB)
Collecting mergedeep~=1.3 (from draccus<0.12.0,>=0.11.6->lerobot->genesis-world==1.0.0)
  Using cached mergedeep-1.3.4-py3-none-any.whl.metadata (4.3 kB)
Collecting toml~=0.10 (from draccus<0.12.0,>=0.11.6->lerobot->genesis-world==1.0.0)
  Using cached toml-0.10.2-py2.py3-none-any.whl.metadata (7.1 kB)
Collecting cloudpickle>=1.2.0 (from gymnasium<2.0.0,>=1.1.1->lerobot->genesis-world==1.0.0)
  Using cached cloudpickle-3.1.2-py3-none-any.whl.metadata (7.1 kB)
Collecting farama-notifications>=0.0.1 (from gymnasium<2.0.0,>=1.1.1->lerobot->genesis-world==1.0.0)
  Using cached farama_notifications-0.0.6-py3-none-any.whl.metadata (729 bytes)
Collecting charset_normalizer<4,>=2 (from requests<3.0.0,>=2.32.0->lerobot->genesis-world==1.0.0)
  Downloading charset_normalizer-3.5.1-cp312-cp312-manylinux2014_x86_64.manylinux_2_17_x86_64.manylinux_2_28_x86_64.whl.metadata (45 kB)
Collecting urllib3<3,>=1.26 (from requests<3.0.0,>=2.32.0->lerobot->genesis-world==1.0.0)
  Using cached urllib3-2.7.0-py3-none-any.whl.metadata (6.9 kB)
Requirement already satisfied: sympy>=1.13.3 in /home/simx2204/anaconda3/envs/w2g/lib/python3.12/site-packages (from torch<2.12.0,>=2.7->lerobot->genesis-world==1.0.0) (1.14.0)
Requirement already satisfied: networkx>=2.5.1 in /home/simx2204/anaconda3/envs/w2g/lib/python3.12/site-packages (from torch<2.12.0,>=2.7->lerobot->genesis-world==1.0.0) (3.6.1)
Requirement already satisfied: cuda-bindings==12.9.4 in /home/simx2204/anaconda3/envs/w2g/lib/python3.12/site-packages (from torch<2.12.0,>=2.7->lerobot->genesis-world==1.0.0) (12.9.4)
Requirement already satisfied: nvidia-cuda-nvrtc-cu12==12.8.93 in /home/simx2204/anaconda3/envs/w2g/lib/python3.12/site-packages (from torch<2.12.0,>=2.7->lerobot->genesis-world==1.0.0) (12.8.93)
Requirement already satisfied: nvidia-cuda-runtime-cu12==12.8.90 in /home/simx2204/anaconda3/envs/w2g/lib/python3.12/site-packages (from torch<2.12.0,>=2.7->lerobot->genesis-world==1.0.0) (12.8.90)
Requirement already satisfied: nvidia-cuda-cupti-cu12==12.8.90 in /home/simx2204/anaconda3/envs/w2g/lib/python3.12/site-packages (from torch<2.12.0,>=2.7->lerobot->genesis-world==1.0.0) (12.8.90)
Requirement already satisfied: nvidia-cudnn-cu12==9.10.2.21 in /home/simx2204/anaconda3/envs/w2g/lib/python3.12/site-packages (from torch<2.12.0,>=2.7->lerobot->genesis-world==1.0.0) (9.10.2.21)
Requirement already satisfied: nvidia-cublas-cu12==12.8.4.1 in /home/simx2204/anaconda3/envs/w2g/lib/python3.12/site-packages (from torch<2.12.0,>=2.7->lerobot->genesis-world==1.0.0) (12.8.4.1)
Requirement already satisfied: nvidia-cufft-cu12==11.3.3.83 in /home/simx2204/anaconda3/envs/w2g/lib/python3.12/site-packages (from torch<2.12.0,>=2.7->lerobot->genesis-world==1.0.0) (11.3.3.83)
Requirement already satisfied: nvidia-curand-cu12==10.3.9.90 in /home/simx2204/anaconda3/envs/w2g/lib/python3.12/site-packages (from torch<2.12.0,>=2.7->lerobot->genesis-world==1.0.0) (10.3.9.90)
Requirement already satisfied: nvidia-cusolver-cu12==11.7.3.90 in /home/simx2204/anaconda3/envs/w2g/lib/python3.12/site-packages (from torch<2.12.0,>=2.7->lerobot->genesis-world==1.0.0) (11.7.3.90)
Requirement already satisfied: nvidia-cusparse-cu12==12.5.8.93 in /home/simx2204/anaconda3/envs/w2g/lib/python3.12/site-packages (from torch<2.12.0,>=2.7->lerobot->genesis-world==1.0.0) (12.5.8.93)
Requirement already satisfied: nvidia-cusparselt-cu12==0.7.1 in /home/simx2204/anaconda3/envs/w2g/lib/python3.12/site-packages (from torch<2.12.0,>=2.7->lerobot->genesis-world==1.0.0) (0.7.1)
Requirement already satisfied: nvidia-nccl-cu12==2.27.5 in /home/simx2204/anaconda3/envs/w2g/lib/python3.12/site-packages (from torch<2.12.0,>=2.7->lerobot->genesis-world==1.0.0) (2.27.5)
Requirement already satisfied: nvidia-nvshmem-cu12==3.4.5 in /home/simx2204/anaconda3/envs/w2g/lib/python3.12/site-packages (from torch<2.12.0,>=2.7->lerobot->genesis-world==1.0.0) (3.4.5)
Requirement already satisfied: nvidia-nvtx-cu12==12.8.90 in /home/simx2204/anaconda3/envs/w2g/lib/python3.12/site-packages (from torch<2.12.0,>=2.7->lerobot->genesis-world==1.0.0) (12.8.90)
Requirement already satisfied: nvidia-nvjitlink-cu12==12.8.93 in /home/simx2204/anaconda3/envs/w2g/lib/python3.12/site-packages (from torch<2.12.0,>=2.7->lerobot->genesis-world==1.0.0) (12.8.93)
Requirement already satisfied: nvidia-cufile-cu12==1.13.1.3 in /home/simx2204/anaconda3/envs/w2g/lib/python3.12/site-packages (from torch<2.12.0,>=2.7->lerobot->genesis-world==1.0.0) (1.13.1.3)
Requirement already satisfied: triton==3.6.0 in /home/simx2204/anaconda3/envs/w2g/lib/python3.12/site-packages (from torch<2.12.0,>=2.7->lerobot->genesis-world==1.0.0) (3.6.0)
Requirement already satisfied: cuda-pathfinder~=1.1 in /home/simx2204/anaconda3/envs/w2g/lib/python3.12/site-packages (from cuda-bindings==12.9.4->torch<2.12.0,>=2.7->lerobot->genesis-world==1.0.0) (1.6.0)
Requirement already satisfied: mpmath<1.4,>=1.1.0 in /home/simx2204/anaconda3/envs/w2g/lib/python3.12/site-packages (from sympy>=1.13.3->torch<2.12.0,>=2.7->lerobot->genesis-world==1.0.0) (1.3.0)
Collecting llvmlite<0.50,>=0.49.0dev0 (from numba->genesis-world==1.0.0)
  Downloading llvmlite-0.49.0-cp312-cp312-manylinux2014_x86_64.manylinux_2_17_x86_64.whl.metadata (5.0 kB)
Collecting antlr4-python3-runtime==4.9.* (from omegaconf->genesis-world==1.0.0)
  Using cached antlr4_python3_runtime-4.9.3-py3-none-any.whl
Collecting loop-rate-limiters>=0.1.0 (from pin-pink->genesis-world==1.0.0)
  Using cached loop_rate_limiters-1.2.0-py3-none-any.whl.metadata (3.3 kB)
Collecting pin>=2.6.3 (from pin-pink->genesis-world==1.0.0)
  Downloading pin-4.1.0-0-cp312-cp312-manylinux_2_28_x86_64.whl.metadata (26 kB)
Collecting cmeel (from pin>=2.6.3->pin-pink->genesis-world==1.0.0)
  Using cached cmeel-0.60.1-py3-none-any.whl.metadata (4.8 kB)
Collecting cmeel-boost~=1.90.0 (from pin>=2.6.3->pin-pink->genesis-world==1.0.0)
  Using cached cmeel_boost-1.90.0-0-cp312-cp312-manylinux_2_28_x86_64.whl.metadata (823 bytes)
Collecting cmeel-urdfdom>=6 (from pin>=2.6.3->pin-pink->genesis-world==1.0.0)
  Using cached cmeel_urdfdom-6.0.0-0-py3-none-manylinux_2_28_x86_64.whl.metadata (10 kB)
Collecting coal<4,>=3.0.3 (from pin>=2.6.3->pin-pink->genesis-world==1.0.0)
  Using cached coal-3.0.3-0-cp312-cp312-manylinux_2_28_x86_64.whl.metadata (14 kB)
Collecting libpinocchio==4.1.0 (from pin>=2.6.3->pin-pink->genesis-world==1.0.0)
  Using cached libpinocchio-4.1.0-0-py3-none-manylinux_2_28_x86_64.whl.metadata (26 kB)
Collecting libcoal<4,>=3.0.3 (from libpinocchio==4.1.0->pin>=2.6.3->pin-pink->genesis-world==1.0.0)
  Using cached libcoal-3.0.3-0-py3-none-manylinux_2_28_x86_64.whl.metadata (14 kB)
Collecting cmeel-assimp<7,>=6.0.2 (from coal<4,>=3.0.3->pin>=2.6.3->pin-pink->genesis-world==1.0.0)
  Using cached cmeel_assimp-6.0.5-0-py3-none-manylinux_2_28_x86_64.whl.metadata (967 bytes)
Collecting cmeel-octomap<2,>=1.9.8.2 (from coal<4,>=3.0.3->pin>=2.6.3->pin-pink->genesis-world==1.0.0)
  Using cached cmeel_octomap-1.10.0-5-py3-none-manylinux_2_28_x86_64.whl.metadata (983 bytes)
Collecting cmeel-qhull<8.0.3,>=8.0.2.1 (from coal<4,>=3.0.3->pin>=2.6.3->pin-pink->genesis-world==1.0.0)
  Using cached cmeel_qhull-8.0.2.1-1-py3-none-manylinux_2_28_x86_64.whl.metadata (838 bytes)
Collecting eigenpy<4,>=3.13 (from coal<4,>=3.0.3->pin>=2.6.3->pin-pink->genesis-world==1.0.0)
  Using cached eigenpy-3.13.0-0-cp312-cp312-manylinux_2_28_x86_64.whl.metadata (5.5 kB)
Collecting cmeel-zlib (from cmeel-assimp<7,>=6.0.2->coal<4,>=3.0.3->pin>=2.6.3->pin-pink->genesis-world==1.0.0)
  Using cached cmeel_zlib-1.3.2-0-py3-none-manylinux_2_28_x86_64.whl.metadata (707 bytes)
Collecting cmeel-console-bridge (from cmeel-urdfdom>=6->pin>=2.6.3->pin-pink->genesis-world==1.0.0)
  Using cached cmeel_console_bridge-1.0.2.3-0-py3-none-manylinux_2_28_x86_64.whl.metadata (1.0 kB)
Collecting cmeel-tinyxml2 (from cmeel-urdfdom>=6->pin>=2.6.3->pin-pink->genesis-world==1.0.0)
  Using cached cmeel_tinyxml2-11.0.0-0-py3-none-manylinux_2_28_x86_64.whl.metadata (793 bytes)
Collecting cfgv>=2.0.0 (from pre_commit->genesis-world==1.0.0)
  Using cached cfgv-3.5.0-py2.py3-none-any.whl.metadata (8.9 kB)
Collecting identify>=1.0.0 (from pre_commit->genesis-world==1.0.0)
  Using cached identify-2.6.19-py2.py3-none-any.whl.metadata (4.4 kB)
Collecting nodeenv>=0.11.1 (from pre_commit->genesis-world==1.0.0)
  Using cached nodeenv-1.10.0-py2.py3-none-any.whl.metadata (24 kB)
Collecting virtualenv>=20.10.0 (from pre_commit->genesis-world==1.0.0)
  Downloading virtualenv-21.7.4-py3-none-any.whl.metadata (3.5 kB)
Collecting distlib<1,>=0.3.7 (from virtualenv>=20.10.0->pre_commit->genesis-world==1.0.0)
  Using cached distlib-0.4.3-py2.py3-none-any.whl.metadata (5.3 kB)
Collecting python-discovery>=1.4.2 (from virtualenv>=20.10.0->pre_commit->genesis-world==1.0.0)
  Downloading python_discovery-1.5.2-py3-none-any.whl.metadata (5.1 kB)
Collecting plotly==5.24.1 (from PyGEL3D->genesis-world==1.0.0)
  Using cached plotly-5.24.1-py3-none-any.whl.metadata (7.3 kB)
Collecting tenacity>=6.2.0 (from plotly==5.24.1->PyGEL3D->genesis-world==1.0.0)
  Using cached tenacity-9.1.4-py3-none-any.whl.metadata (1.2 kB)
Collecting iniconfig>=1.0.1 (from pytest->genesis-world==1.0.0)
  Using cached iniconfig-2.3.0-py3-none-any.whl.metadata (2.5 kB)
Collecting pluggy<2,>=1.5 (from pytest->genesis-world==1.0.0)
  Using cached pluggy-1.6.0-py3-none-any.whl.metadata (4.8 kB)
Collecting execnet>=2.1 (from pytest-xdist->genesis-world==1.0.0)
  Using cached execnet-2.1.2-py3-none-any.whl.metadata (2.9 kB)
Collecting proxsuite>=0.2.9 (from qpsolvers[proxqp]; extra == "dlo-lab"->genesis-world==1.0.0)
  Using cached proxsuite-0.7.3-2-cp312-cp312-manylinux_2_28_x86_64.whl.metadata (12 kB)
Collecting quadprog>=0.1.11 (from qpsolvers[quadprog]; extra == "dlo-lab"->genesis-world==1.0.0)
  Using cached quadprog-0.1.13-cp312-cp312-manylinux_2_17_x86_64.manylinux2014_x86_64.whl.metadata (1.2 kB)
Collecting tifffile>=2022.8.12 (from scikit-image->genesis-world==1.0.0)
  Downloading tifffile-2026.8.16-py3-none-any.whl.metadata (34 kB)
Collecting lazy-loader>=0.4 (from scikit-image->genesis-world==1.0.0)
  Using cached lazy_loader-0.5-py3-none-any.whl.metadata (5.9 kB)
Collecting opentelemetry-api>=1.43.0 (from wandb->genesis-world==1.0.0)
  Downloading opentelemetry_api-1.44.0-py3-none-any.whl.metadata (1.4 kB)
Collecting protobuf!=5.28.0,!=5.29.0,<8,>=5 (from wandb->genesis-world==1.0.0)
  Using cached protobuf-7.35.1-cp310-abi3-manylinux2014_x86_64.whl.metadata (595 bytes)
Collecting sentry-sdk>=2.0.0 (from wandb->genesis-world==1.0.0)
  Downloading sentry_sdk-2.68.0-py3-none-any.whl.metadata (11 kB)
Using cached gs_madrona-0.0.7.post2-cp312-abi3-manylinux_2_27_x86_64.manylinux_2_28_x86_64.whl (63.9 MB)
Using cached quadrants-0.8.0-cp312-cp312-manylinux_2_27_x86_64.manylinux_2_28_x86_64.whl (48.1 MB)
Using cached tetgen-0.8.2-cp312-abi3-manylinux_2_27_x86_64.manylinux_2_28_x86_64.whl (408 kB)
Using cached mujoco-3.6.0-cp312-cp312-manylinux_2_27_x86_64.manylinux_2_28_x86_64.whl (7.5 MB)
Using cached pysplashsurf-0.14.1.0-cp310-abi3-manylinux_2_17_x86_64.manylinux2014_x86_64.whl (3.0 MB)
Using cached z3_solver-4.15.4.0-py3-none-manylinux_2_17_x86_64.manylinux2014_x86_64.whl (29.3 MB)
Downloading cffi-2.1.1-cp312-cp312-manylinux2014_x86_64.manylinux_2_17_x86_64.whl (221 kB)
Using cached dataclasses_json-0.6.7-py3-none-any.whl (28 kB)
Using cached marshmallow-3.26.2-py3-none-any.whl (50 kB)
Using cached typing_inspect-0.9.0-py3-none-any.whl (8.8 kB)
Downloading fast_simplification-0.2.0-cp312-cp312-manylinux_2_24_x86_64.manylinux_2_28_x86_64.whl (286 kB)
Using cached libigl-2.6.1-cp312-abi3-manylinux_2_27_x86_64.manylinux_2_28_x86_64.whl (13.4 MB)
Downloading matplotlib-3.11.1-cp312-cp312-manylinux2014_x86_64.manylinux_2_17_x86_64.whl (10.0 MB)
   ━━━━━━━━━━━━━━━━━━━━━━━━━━━━━━━━━━━━━━━━ 10.0/10.0 MB 30.4 MB/s  0:00:00
Using cached contourpy-1.3.3-cp312-cp312-manylinux_2_27_x86_64.manylinux_2_28_x86_64.whl (362 kB)
Using cached cycler-0.12.1-py3-none-any.whl (8.3 kB)
Using cached fonttools-4.63.0-cp312-cp312-manylinux2014_x86_64.manylinux_2_17_x86_64.whl (5.0 MB)
Using cached kiwisolver-1.5.0-cp312-cp312-manylinux2014_x86_64.manylinux_2_17_x86_64.whl (1.5 MB)
Using cached moviepy-2.2.1-py3-none-any.whl (129 kB)
Using cached decorator-5.3.1-py3-none-any.whl (10 kB)
Downloading imageio-2.37.4-py3-none-any.whl (318 kB)
Using cached pillow-11.3.0-cp312-cp312-manylinux_2_27_x86_64.manylinux_2_28_x86_64.whl (6.6 MB)
Using cached proglog-0.1.12-py3-none-any.whl (6.3 kB)
Using cached imageio_ffmpeg-0.6.0-py3-none-manylinux2014_x86_64.whl (29.5 MB)
Using cached mypy_extensions-1.1.0-py3-none-any.whl (5.0 kB)
Using cached pydantic-2.13.4-py3-none-any.whl (472 kB)
Using cached pydantic_core-2.46.4-cp312-cp312-manylinux_2_17_x86_64.manylinux2014_x86_64.whl (2.1 MB)
Downloading annotated_types-0.8.0-py3-none-any.whl (13 kB)
Downloading pyglet-2.1.16-py3-none-any.whl (1.0 MB)
   ━━━━━━━━━━━━━━━━━━━━━━━━━━━━━━━━━━━━━━━━ 1.0/1.0 MB 31.2 MB/s  0:00:00
Using cached pyopengl-3.1.10-py3-none-any.whl (3.2 MB)
Using cached pyparsing-3.3.2-py3-none-any.whl (122 kB)
Using cached python_dateutil-2.9.0.post0-py2.py3-none-any.whl (229 kB)
Using cached python_dotenv-1.2.2-py3-none-any.whl (22 kB)
Using cached rich-15.0.0-py3-none-any.whl (310 kB)
Using cached pygments-2.20.0-py3-none-any.whl (1.2 MB)
Using cached markdown_it_py-4.2.0-py3-none-any.whl (91 kB)
Using cached mdurl-0.1.2-py3-none-any.whl (10.0 kB)
Using cached six-1.17.0-py2.py3-none-any.whl (11 kB)
Downloading trimesh-5.0.0-py3-none-any.whl (745 kB)
   ━━━━━━━━━━━━━━━━━━━━━━━━━━━━━━━━━━━━━━━━ 745.5/745.5 kB 26.3 MB/s  0:00:00
Downloading typing_inspection-0.4.4-py3-none-any.whl (14 kB)
Using cached absl_py-2.5.0-py3-none-any.whl (137 kB)
Downloading av-18.1.0-cp311-abi3-manylinux_2_28_x86_64.whl (35.8 MB)
   ━━━━━━━━━━━━━━━━━━━━━━━━━━━━━━━━━━━━━━━━ 35.8/35.8 MB 25.2 MB/s  0:00:01
Using cached black-26.5.1-cp312-cp312-manylinux2014_x86_64.manylinux_2_17_x86_64.manylinux_2_28_x86_64.whl (1.9 MB)
Using cached pytokens-0.4.1-cp312-cp312-manylinux2014_x86_64.manylinux_2_17_x86_64.manylinux_2_28_x86_64.whl (269 kB)
Using cached click-8.4.2-py3-none-any.whl (119 kB)
Using cached pathspec-1.1.1-py3-none-any.whl (57 kB)
Downloading platformdirs-4.11.3-py3-none-any.whl (23 kB)
Using cached cma-4.4.4-py3-none-any.whl (328 kB)
Downloading coacd-1.0.12-cp39-abi3-manylinux_2_17_x86_64.manylinux2014_x86_64.whl (2.7 MB)
   ━━━━━━━━━━━━━━━━━━━━━━━━━━━━━━━━━━━━━━━━ 2.7/2.7 MB 26.0 MB/s  0:00:00
Using cached colorama-0.4.6-py2.py3-none-any.whl (25 kB)
Using cached deprecated-1.3.1-py2.py3-none-any.whl (11 kB)
Downloading wrapt-2.3.0-cp312-cp312-manylinux1_x86_64.manylinux_2_28_x86_64.manylinux_2_5_x86_64.whl (172 kB)
Using cached dill-0.4.1-py3-none-any.whl (120 kB)
Using cached dracopy-2.0.0-cp312-cp312-manylinux_2_24_x86_64.manylinux_2_28_x86_64.whl (5.1 MB)
Using cached etils-1.14.0-py3-none-any.whl (172 kB)
Using cached flask-3.1.3-py3-none-any.whl (103 kB)
Using cached blinker-1.9.0-py3-none-any.whl (8.5 kB)
Using cached itsdangerous-2.2.0-py3-none-any.whl (16 kB)
Using cached werkzeug-3.1.8-py3-none-any.whl (226 kB)
Using cached freetype_py-2.5.1-py3-none-manylinux_2_5_x86_64.manylinux1_x86_64.manylinux_2_12_x86_64.manylinux2010_x86_64.whl (1.0 MB)
Using cached frozendict-2.4.7-py3-none-any.whl (16 kB)
Downloading glfw-2.10.2-py2.py3-none-manylinux_2_28_x86_64.whl (248 kB)
Downloading huggingface_hub-1.27.0-py3-none-any.whl (784 kB)
   ━━━━━━━━━━━━━━━━━━━━━━━━━━━━━━━━━━━━━━━━ 784.9/784.9 kB 31.2 MB/s  0:00:00
Downloading hf_xet-1.6.0-cp38-abi3-manylinux2014_x86_64.manylinux_2_17_x86_64.whl (4.5 MB)
   ━━━━━━━━━━━━━━━━━━━━━━━━━━━━━━━━━━━━━━━━ 4.5/4.5 MB 36.7 MB/s  0:00:00
Using cached httpx-0.28.1-py3-none-any.whl (73 kB)
Using cached httpcore-1.0.9-py3-none-any.whl (78 kB)
Using cached h11-0.16.0-py3-none-any.whl (37 kB)
Using cached pyyaml-6.0.3-cp312-cp312-manylinux2014_x86_64.manylinux_2_17_x86_64.manylinux_2_28_x86_64.whl (807 kB)
Downloading tqdm-4.70.0-py3-none-any.whl (80 kB)
Using cached anyio-4.14.2-py3-none-any.whl (125 kB)
Using cached idna-3.18-py3-none-any.whl (65 kB)
Downloading certifi-2026.7.22-py3-none-any.whl (136 kB)
Downloading ipython-9.16.1-py3-none-any.whl (625 kB)
   ━━━━━━━━━━━━━━━━━━━━━━━━━━━━━━━━━━━━━━━━ 626.0/626.0 kB 23.4 MB/s  0:00:00
Downloading prompt_toolkit-3.0.53-py3-none-any.whl (392 kB)
Using cached ipython_pygments_lexers-1.1.1-py3-none-any.whl (8.1 kB)
Using cached jedi-0.20.0-py2.py3-none-any.whl (4.9 MB)
Using cached parso-0.8.7-py2.py3-none-any.whl (107 kB)
Using cached matplotlib_inline-0.2.2-py3-none-any.whl (9.5 kB)
Using cached pexpect-4.9.0-py2.py3-none-any.whl (63 kB)
Using cached psutil-7.2.2-cp36-abi3-manylinux2010_x86_64.manylinux_2_12_x86_64.manylinux_2_28_x86_64.whl (155 kB)
Using cached ptyprocess-0.7.0-py2.py3-none-any.whl (13 kB)
Using cached stack_data-0.6.3-py3-none-any.whl (24 kB)
Using cached asttokens-3.0.2-py3-none-any.whl (28 kB)
Using cached executing-2.2.1-py2.py3-none-any.whl (28 kB)
Downloading traitlets-5.16.1-py3-none-any.whl (86 kB)
Using cached wcwidth-0.8.2-py3-none-any.whl (323 kB)
Downloading lerobot-0.6.1-py3-none-any.whl (1.7 MB)
   ━━━━━━━━━━━━━━━━━━━━━━━━━━━━━━━━━━━━━━━━ 1.7/1.7 MB 33.2 MB/s  0:00:00
Using cached cmake-4.1.3-py3-none-manylinux2014_x86_64.manylinux_2_17_x86_64.whl (29.7 MB)
Downloading draccus-0.11.6-py3-none-any.whl (85 kB)
Using cached einops-0.8.2-py3-none-any.whl (65 kB)
Using cached gymnasium-1.3.0-py3-none-any.whl (953 kB)
Using cached mergedeep-1.3.4-py3-none-any.whl (6.4 kB)
Using cached numpy-2.2.6-cp312-cp312-manylinux_2_17_x86_64.manylinux2014_x86_64.whl (16.5 MB)
Using cached opencv_python_headless-4.13.0.92-cp37-abi3-manylinux_2_28_x86_64.whl (60.4 MB)
Using cached packaging-25.0-py3-none-any.whl (66 kB)
Using cached requests-2.34.2-py3-none-any.whl (73 kB)
Downloading charset_normalizer-3.5.1-cp312-cp312-manylinux2014_x86_64.manylinux_2_17_x86_64.manylinux_2_28_x86_64.whl (248 kB)
Using cached safetensors-0.8.0-cp310-abi3-manylinux_2_17_x86_64.manylinux2014_x86_64.whl (516 kB)
Using cached setuptools-81.0.0-py3-none-any.whl (1.1 MB)
Using cached termcolor-3.3.0-py3-none-any.whl (7.7 kB)
Using cached toml-0.10.2-py2.py3-none-any.whl (16 kB)
Using cached urllib3-2.7.0-py3-none-any.whl (131 kB)
Using cached cloudpickle-3.1.2-py3-none-any.whl (22 kB)
Using cached farama_notifications-0.0.6-py3-none-any.whl (2.9 kB)
Downloading mediapy-1.2.7-py3-none-any.whl (28 kB)
Using cached natsort-8.4.0-py3-none-any.whl (38 kB)
Downloading numba-0.67.0-cp312-cp312-manylinux2014_x86_64.manylinux_2_17_x86_64.whl (3.9 MB)
   ━━━━━━━━━━━━━━━━━━━━━━━━━━━━━━━━━━━━━━━━ 3.9/3.9 MB 27.5 MB/s  0:00:00
Downloading llvmlite-0.49.0-cp312-cp312-manylinux2014_x86_64.manylinux_2_17_x86_64.whl (59.9 MB)
   ━━━━━━━━━━━━━━━━━━━━━━━━━━━━━━━━━━━━━━━━ 59.9/59.9 MB 32.9 MB/s  0:00:01
Using cached omegaconf-2.3.1-py3-none-any.whl (79 kB)
Downloading opencv_python-5.0.0.93-cp37-abi3-manylinux_2_28_x86_64.whl (73.8 MB)
   ━━━━━━━━━━━━━━━━━━━━━━━━━━━━━━━━━━━━━━━━ 73.8/73.8 MB 33.6 MB/s  0:00:02
Downloading openexr-3.4.14-cp312-cp312-manylinux_2_28_x86_64.whl (1.3 MB)
   ━━━━━━━━━━━━━━━━━━━━━━━━━━━━━━━━━━━━━━━━ 1.3/1.3 MB 25.4 MB/s  0:00:00
Downloading pandas-3.0.5-cp312-cp312-manylinux_2_24_x86_64.manylinux_2_28_x86_64.whl (11.0 MB)
   ━━━━━━━━━━━━━━━━━━━━━━━━━━━━━━━━━━━━━━━━ 11.0/11.0 MB 34.1 MB/s  0:00:00
Downloading pin_pink-4.3.0-py3-none-any.whl (64 kB)
Using cached loop_rate_limiters-1.2.0-py3-none-any.whl (10 kB)
Downloading pin-4.1.0-0-cp312-cp312-manylinux_2_28_x86_64.whl (9.9 MB)
   ━━━━━━━━━━━━━━━━━━━━━━━━━━━━━━━━━━━━━━━━ 9.9/9.9 MB 27.1 MB/s  0:00:00
Downloading libpinocchio-4.1.0-0-py3-none-manylinux_2_28_x86_64.whl (3.8 MB)
   ━━━━━━━━━━━━━━━━━━━━━━━━━━━━━━━━━━━━━━━━ 3.8/3.8 MB 21.5 MB/s  0:00:00
Using cached cmeel_boost-1.90.0-0-cp312-cp312-manylinux_2_28_x86_64.whl (36.2 MB)
Using cached coal-3.0.3-0-cp312-cp312-manylinux_2_28_x86_64.whl (2.2 MB)
Using cached libcoal-3.0.3-0-py3-none-manylinux_2_28_x86_64.whl (2.3 MB)
Using cached cmeel_assimp-6.0.5-0-py3-none-manylinux_2_28_x86_64.whl (14.8 MB)
Using cached cmeel_octomap-1.10.0-5-py3-none-manylinux_2_28_x86_64.whl (1.1 MB)
Using cached cmeel_qhull-8.0.2.1-1-py3-none-manylinux_2_28_x86_64.whl (3.3 MB)
Using cached eigenpy-3.13.0-0-cp312-cp312-manylinux_2_28_x86_64.whl (6.1 MB)
Using cached cmeel_urdfdom-6.0.0-0-py3-none-manylinux_2_28_x86_64.whl (530 kB)
Using cached qpsolvers-4.13.0-py3-none-any.whl (107 kB)
Using cached scipy-1.18.0-cp312-cp312-manylinux_2_27_x86_64.manylinux_2_28_x86_64.whl (35.3 MB)
Using cached cmeel-0.60.1-py3-none-any.whl (20 kB)
Using cached cmeel_console_bridge-1.0.2.3-0-py3-none-manylinux_2_28_x86_64.whl (24 kB)
Using cached cmeel_tinyxml2-11.0.0-0-py3-none-manylinux_2_28_x86_64.whl (148 kB)
Using cached cmeel_zlib-1.3.2-0-py3-none-manylinux_2_28_x86_64.whl (1.1 MB)
Downloading pre_commit-4.6.2-py2.py3-none-any.whl (226 kB)
Using cached cfgv-3.5.0-py2.py3-none-any.whl (7.4 kB)
Using cached identify-2.6.19-py2.py3-none-any.whl (99 kB)
Using cached nodeenv-1.10.0-py2.py3-none-any.whl (23 kB)
Downloading virtualenv-21.7.4-py3-none-any.whl (5.3 MB)
   ━━━━━━━━━━━━━━━━━━━━━━━━━━━━━━━━━━━━━━━━ 5.3/5.3 MB 34.6 MB/s  0:00:00
Using cached distlib-0.4.3-py2.py3-none-any.whl (470 kB)
Downloading python_discovery-1.5.2-py3-none-any.whl (38 kB)
Using cached pure_eval-0.2.3-py3-none-any.whl (11 kB)
Using cached py_cpuinfo-9.0.0-py3-none-any.whl (22 kB)
Downloading pyarrow-25.0.1-cp312-cp312-manylinux_2_28_x86_64.whl (50.1 MB)
   ━━━━━━━━━━━━━━━━━━━━━━━━━━━━━━━━━━━━━━━━ 50.1/50.1 MB 24.0 MB/s  0:00:02
Using cached pycollada-0.9.3-py3-none-any.whl (129 kB)
Using cached pycparser-3.0-py3-none-any.whl (48 kB)
Using cached PyGEL3D-0.6.1-py3-none-any.whl (4.1 MB)
Using cached plotly-5.24.1-py3-none-any.whl (19.1 MB)
Using cached tenacity-9.1.4-py3-none-any.whl (28 kB)
Using cached pymeshlab-2025.7.post1-cp312-cp312-manylinux_2_35_x86_64.whl (106.5 MB)
Using cached pytest-9.1.1-py3-none-any.whl (386 kB)
Using cached pluggy-1.6.0-py3-none-any.whl (20 kB)
Using cached iniconfig-2.3.0-py3-none-any.whl (7.5 kB)
Downloading pytest_forked-1.7.5-py3-none-any.whl (6.3 kB)
Downloading pytest_print-1.3.0-py3-none-any.whl (7.0 kB)
Using cached pytest_timeout-2.4.0-py3-none-any.whl (14 kB)
Using cached pytest_xdist-3.8.0-py3-none-any.whl (46 kB)
Using cached execnet-2.1.2-py3-none-any.whl (40 kB)
Using cached proxsuite-0.7.3-2-cp312-cp312-manylinux_2_28_x86_64.whl (1.5 MB)
Using cached quadprog-0.1.13-cp312-cp312-manylinux_2_17_x86_64.manylinux2014_x86_64.whl (534 kB)
Using cached rtree-1.4.1-py3-none-manylinux_2_24_x86_64.manylinux_2_28_x86_64.whl (507 kB)
Using cached scikit_image-0.26.0-cp312-cp312-manylinux_2_24_x86_64.manylinux_2_28_x86_64.whl (13.6 MB)
Using cached lazy_loader-0.5-py3-none-any.whl (8.0 kB)
Downloading tifffile-2026.8.16-py3-none-any.whl (271 kB)
Using cached setproctitle-1.3.7-cp312-cp312-manylinux1_x86_64.manylinux_2_28_x86_64.manylinux_2_5_x86_64.whl (32 kB)
Downloading syrupy-5.5.3-py3-none-any.whl (54 kB)
Downloading vtk-9.7.0-cp312-cp312-manylinux2014_x86_64.manylinux_2_17_x86_64.whl (139.7 MB)
   ━━━━━━━━━━━━━━━━━━━━━━━━━━━━━━━━━━━━━━━━ 139.7/139.7 MB 28.6 MB/s  0:00:04
Downloading wandb-0.28.2-py3-none-manylinux_2_28_x86_64.whl (29.6 MB)
   ━━━━━━━━━━━━━━━━━━━━━━━━━━━━━━━━━━━━━━━━ 29.6/29.6 MB 33.4 MB/s  0:00:00
Using cached protobuf-7.35.1-cp310-abi3-manylinux2014_x86_64.whl (327 kB)
Downloading opentelemetry_api-1.44.0-py3-none-any.whl (60 kB)
Downloading sentry_sdk-2.68.0-py3-none-any.whl (518 kB)
Using cached xacro-2.1.1-py3-none-any.whl (27 kB)
Using cached zipp-4.1.0-py3-none-any.whl (10 kB)
Building wheels for collected packages: genesis-world
  Building editable for genesis-world (pyproject.toml): started
  Building editable for genesis-world (pyproject.toml): finished with status 'done'
  Created wheel for genesis-world: filename=genesis_world-1.0.0-0.editable-py3-none-any.whl size=12427 sha256=0f233b4193c17f0d07baa162ec98997956ebe13aae0e20c635ffa2028829040e
  Stored in directory: /tmp/pip-ephem-wheel-cache-8vlblnc5/wheels/cd/74/21/f17c55e0efb79c4d53dce1eb1b7225d04e6fccca930cd60062
Successfully built genesis-world
Installing collected packages: z3-solver, PyOpenGL, py-cpuinfo, pure-eval, ptyprocess, glfw, farama-notifications, DracoPy, distlib, antlr4-python3-runtime, zipp, wrapt, werkzeug, wcwidth, urllib3, typing-inspection, traitlets, tqdm, toml, termcolor, tenacity, six, setuptools, setproctitle, safetensors, rtree, pyyaml, pytokens, python-dotenv, python-discovery, pyparsing, pygments, pyglet, pydantic-core, pycparser, pyarrow, psutil, protobuf, pluggy, platformdirs, Pillow, pexpect, pathspec, parso, packaging, opentelemetry-api, numpy, nodeenv, natsort, mypy-extensions, mergedeep, mdurl, loop-rate-limiters, llvmlite, kiwisolver, itsdangerous, iniconfig, imageio_ffmpeg, idna, identify, hf-xet, h11, gs-madrona, frozendict, freetype-py, fonttools, executing, execnet, etils, einops, dill, decorator, cycler, colorama, cmeel, cmake, cloudpickle, click, charset_normalizer, cfgv, certifi, blinker, av, asttokens, annotated-types, absl-py, xacro, virtualenv, typing-inspect, trimesh, tifffile, tetgen, stack_data, sentry-sdk, scipy, requests, quadprog, python-dateutil, pytest, pysplashsurf, pymeshlab, pydantic, prompt_toolkit, proglog, plotly, OpenEXR, opencv-python-headless, opencv-python, omegaconf, numba, matplotlib-inline, marshmallow, markdown-it-py, lazy-loader, jedi, ipython-pygments-lexers, imageio, httpcore, gymnasium, flask, fast_simplification, deprecated, contourpy, coacd, cmeel-zlib, cmeel-tinyxml2, cmeel-qhull, cmeel-octomap, cmeel-console-bridge, cmeel-boost, cma, cffi, black, anyio, wandb, syrupy, scikit-image, rich, qpsolvers, pytest-xdist, pytest-timeout, pytest-print, pytest-forked, PyGEL3D, pycollada, proxsuite, pre_commit, pandas, moviepy, matplotlib, libigl, ipython, httpx, eigenpy, draccus, dataclasses-json, cmeel-urdfdom, cmeel-assimp, vtk, quadrants, pygltflib, mujoco, mediapy, libcoal, huggingface_hub, libpinocchio, lerobot, genesis-world, coal, pin, pin-pink
  Attempting uninstall: setuptools
    Found existing installation: setuptools 83.0.0
    Uninstalling setuptools-83.0.0:
      Successfully uninstalled setuptools-83.0.0
  Attempting uninstall: Pillow
    Found existing installation: pillow 12.3.0
    Uninstalling pillow-12.3.0:
      Successfully uninstalled pillow-12.3.0
  Attempting uninstall: packaging
    Found existing installation: packaging 26.2
    Uninstalling packaging-26.2:
      Successfully uninstalled packaging-26.2
  Attempting uninstall: numpy
    Found existing installation: numpy 2.5.2
    Uninstalling numpy-2.5.2:
      Successfully uninstalled numpy-2.5.2

Successfully installed DracoPy-2.0.0 OpenEXR-3.4.14 Pillow-11.3.0 PyGEL3D-0.6.1 PyOpenGL-3.1.10 absl-py-2.5.0 annotated-types-0.8.0 antlr4-python3-runtime-4.9.3 anyio-4.14.2 asttokens-3.0.2 av-18.1.0 black-26.5.1 blinker-1.9.0 certifi-2026.7.22 cffi-2.1.1 cfgv-3.5.0 charset_normalizer-3.5.1 click-8.4.2 cloudpickle-3.1.2 cma-4.4.4 cmake-4.1.3 cmeel-0.60.1 cmeel-assimp-6.0.5 cmeel-boost-1.90.0 cmeel-console-bridge-1.0.2.3 cmeel-octomap-1.10.0 cmeel-qhull-8.0.2.1 cmeel-tinyxml2-11.0.0 cmeel-urdfdom-6.0.0 cmeel-zlib-1.3.2 coacd-1.0.12 coal-3.0.3 colorama-0.4.6 contourpy-1.3.3 cycler-0.12.1 dataclasses-json-0.6.7 decorator-5.3.1 deprecated-1.3.1 dill-0.4.1 distlib-0.4.3 draccus-0.11.6 eigenpy-3.13.0 einops-0.8.2 etils-1.14.0 execnet-2.1.2 executing-2.2.1 farama-notifications-0.0.6 fast_simplification-0.2.0 flask-3.1.3 fonttools-4.63.0 freetype-py-2.5.1 frozendict-2.4.7 genesis-world-1.0.0 glfw-2.10.2 gs-madrona-0.0.7.post2 gymnasium-1.3.0 h11-0.16.0 hf-xet-1.6.0 httpcore-1.0.9 httpx-0.28.1 huggingface_hub-1.27.0 identify-2.6.19 idna-3.18 imageio-2.37.4 imageio_ffmpeg-0.6.0 iniconfig-2.3.0 ipython-9.16.1 ipython-pygments-lexers-1.1.1 itsdangerous-2.2.0 jedi-0.20.0 kiwisolver-1.5.0 lazy-loader-0.5 lerobot-0.6.1 libcoal-3.0.3 libigl-2.6.1 libpinocchio-4.1.0 llvmlite-0.49.0 loop-rate-limiters-1.2.0 markdown-it-py-4.2.0 marshmallow-3.26.2 matplotlib-3.11.1 matplotlib-inline-0.2.2 mdurl-0.1.2 mediapy-1.2.7 mergedeep-1.3.4 moviepy-2.2.1 mujoco-3.6.0 mypy-extensions-1.1.0 natsort-8.4.0 nodeenv-1.10.0 numba-0.67.0 numpy-2.2.6 omegaconf-2.3.1 opencv-python-5.0.0.93 opencv-python-headless-4.13.0.92 opentelemetry-api-1.44.0 packaging-25.0 pandas-3.0.5 parso-0.8.7 pathspec-1.1.1 pexpect-4.9.0 pin-4.1.0 pin-pink-4.3.0 platformdirs-4.11.3 plotly-5.24.1 pluggy-1.6.0 pre_commit-4.6.2 proglog-0.1.12 prompt_toolkit-3.0.53 protobuf-7.35.1 proxsuite-0.7.3 psutil-7.2.2 ptyprocess-0.7.0 pure-eval-0.2.3 py-cpuinfo-9.0.0 pyarrow-25.0.1 pycollada-0.9.3 pycparser-3.0 pydantic-2.13.4 pydantic-core-2.46.4 pyglet-2.1.16 pygltflib-1.16.0 pygments-2.20.0 pymeshlab-2025.7.post1 pyparsing-3.3.2 pysplashsurf-0.14.1.0 pytest-9.1.1 pytest-forked-1.7.5 pytest-print-1.3.0 pytest-timeout-2.4.0 pytest-xdist-3.8.0 python-dateutil-2.9.0.post0 python-discovery-1.5.2 python-dotenv-1.2.2 pytokens-0.4.1 pyyaml-6.0.3 qpsolvers-4.13.0 quadprog-0.1.13 quadrants-0.8.0 requests-2.34.2 rich-15.0.0 rtree-1.4.1 safetensors-0.8.0 scikit-image-0.26.0 scipy-1.18.0 sentry-sdk-2.68.0 setproctitle-1.3.7 setuptools-81.0.0 six-1.17.0 stack_data-0.6.3 syrupy-5.5.3 tenacity-9.1.4 termcolor-3.3.0 tetgen-0.8.2 tifffile-2026.8.16 toml-0.10.2 tqdm-4.70.0 traitlets-5.16.1 trimesh-5.0.0 typing-inspect-0.9.0 typing-inspection-0.4.4 urllib3-2.7.0 virtualenv-21.7.4 vtk-9.7.0 wandb-0.28.2 wcwidth-0.8.2 werkzeug-3.1.8 wrapt-2.3.0 xacro-2.1.1 z3-solver-4.15.4.0 zipp-4.1.0
EDITABLE_INSTALL_DONE_OK
